Component: ARM Compiler 5.06 update 6 (build 750) Tool: armlink [4d35ed]

==============================================================================

Section Cross References

    startup_stm32f746xx.o(RESET) refers to startup_stm32f746xx.o(STACK) for __initial_sp
    startup_stm32f746xx.o(RESET) refers to startup_stm32f746xx.o(.text) for Reset_Handler
    startup_stm32f746xx.o(RESET) refers to stm32f7xx_it.o(i.SysTick_Handler) for SysTick_Handler
    startup_stm32f746xx.o(RESET) refers to stm32f7xx_it.o(i.EXTI9_5_IRQHandler) for EXTI9_5_IRQHandler
    startup_stm32f746xx.o(.text) refers to system_stm32f7xx.o(i.SystemInit) for SystemInit
    startup_stm32f746xx.o(.text) refers to entry.o(.ARM.Collect$$$$00000000) for __main
    system_stm32f7xx.o(i.SystemCoreClockUpdate) refers to system_stm32f7xx.o(.data) for .data
    system_stm32f7xx.o(i.SystemCoreClockUpdate) refers to system_stm32f7xx.o(.constdata) for .constdata
    stm32f7xx_hal.o(i.HAL_DeInit) refers to stm32f7xx_hal.o(i.HAL_MspDeInit) for HAL_MspDeInit
    stm32f7xx_hal.o(i.HAL_Delay) refers to stm32f7xx_hal.o(i.HAL_GetTick) for HAL_GetTick
    stm32f7xx_hal.o(i.HAL_GetTick) refers to stm32f7xx_hal.o(.data) for .data
    stm32f7xx_hal.o(i.HAL_IncTick) refers to stm32f7xx_hal.o(.data) for .data
    stm32f7xx_hal.o(i.HAL_Init) refers to stm32f7xx_hal_cortex.o(i.HAL_NVIC_SetPriorityGrouping) for HAL_NVIC_SetPriorityGrouping
    stm32f7xx_hal.o(i.HAL_Init) refers to stm32f7xx_hal.o(i.HAL_InitTick) for HAL_InitTick
    stm32f7xx_hal.o(i.HAL_Init) refers to stm32f7xx_hal_msp.o(i.HAL_MspInit) for HAL_MspInit
    stm32f7xx_hal.o(i.HAL_InitTick) refers to stm32f7xx_hal_rcc.o(i.HAL_RCC_GetHCLKFreq) for HAL_RCC_GetHCLKFreq
    stm32f7xx_hal.o(i.HAL_InitTick) refers to stm32f7xx_hal_cortex.o(i.HAL_SYSTICK_Config) for HAL_SYSTICK_Config
    stm32f7xx_hal.o(i.HAL_InitTick) refers to stm32f7xx_hal_cortex.o(i.HAL_NVIC_SetPriority) for HAL_NVIC_SetPriority
    stm32f7xx_hal_cortex.o(i.HAL_SYSTICK_IRQHandler) refers to stm32f7xx_hal_cortex.o(i.HAL_SYSTICK_Callback) for HAL_SYSTICK_Callback
    stm32f7xx_hal_flash_ex.o(i.FLASH_OB_BootAddressConfig) refers to stm32f7xx_hal_flash.o(i.FLASH_WaitForLastOperation) for FLASH_WaitForLastOperation
    stm32f7xx_hal_flash_ex.o(i.FLASH_OB_DisableWRP) refers to stm32f7xx_hal_flash.o(i.FLASH_WaitForLastOperation) for FLASH_WaitForLastOperation
    stm32f7xx_hal_flash_ex.o(i.FLASH_OB_EnableWRP) refers to stm32f7xx_hal_flash.o(i.FLASH_WaitForLastOperation) for FLASH_WaitForLastOperation
    stm32f7xx_hal_flash_ex.o(i.FLASH_OB_RDP_LevelConfig) refers to stm32f7xx_hal_flash.o(i.FLASH_WaitForLastOperation) for FLASH_WaitForLastOperation
    stm32f7xx_hal_flash_ex.o(i.FLASH_OB_UserConfig) refers to stm32f7xx_hal_flash.o(i.FLASH_WaitForLastOperation) for FLASH_WaitForLastOperation
    stm32f7xx_hal_flash_ex.o(i.HAL_FLASHEx_Erase) refers to stm32f7xx_hal_flash.o(i.FLASH_WaitForLastOperation) for FLASH_WaitForLastOperation
    stm32f7xx_hal_flash_ex.o(i.HAL_FLASHEx_Erase) refers to stm32f7xx_hal_flash_ex.o(i.FLASH_Erase_Sector) for FLASH_Erase_Sector
    stm32f7xx_hal_flash_ex.o(i.HAL_FLASHEx_Erase) refers to stm32f7xx_hal_flash_ex.o(i.FLASH_MassErase) for FLASH_MassErase
    stm32f7xx_hal_flash_ex.o(i.HAL_FLASHEx_Erase) refers to stm32f7xx_hal_flash.o(.bss) for pFlash
    stm32f7xx_hal_flash_ex.o(i.HAL_FLASHEx_Erase_IT) refers to stm32f7xx_hal_flash_ex.o(i.FLASH_Erase_Sector) for FLASH_Erase_Sector
    stm32f7xx_hal_flash_ex.o(i.HAL_FLASHEx_Erase_IT) refers to stm32f7xx_hal_flash_ex.o(i.FLASH_MassErase) for FLASH_MassErase
    stm32f7xx_hal_flash_ex.o(i.HAL_FLASHEx_Erase_IT) refers to stm32f7xx_hal_flash.o(.bss) for pFlash
    stm32f7xx_hal_flash_ex.o(i.HAL_FLASHEx_OBGetConfig) refers to stm32f7xx_hal_flash_ex.o(i.FLASH_OB_GetWRP) for FLASH_OB_GetWRP
    stm32f7xx_hal_flash_ex.o(i.HAL_FLASHEx_OBGetConfig) refers to stm32f7xx_hal_flash_ex.o(i.FLASH_OB_GetRDP) for FLASH_OB_GetRDP
    stm32f7xx_hal_flash_ex.o(i.HAL_FLASHEx_OBGetConfig) refers to stm32f7xx_hal_flash_ex.o(i.FLASH_OB_GetUser) for FLASH_OB_GetUser
    stm32f7xx_hal_flash_ex.o(i.HAL_FLASHEx_OBGetConfig) refers to stm32f7xx_hal_flash_ex.o(i.FLASH_OB_GetBOR) for FLASH_OB_GetBOR
    stm32f7xx_hal_flash_ex.o(i.HAL_FLASHEx_OBGetConfig) refers to stm32f7xx_hal_flash_ex.o(i.FLASH_OB_GetBootAddress) for FLASH_OB_GetBootAddress
    stm32f7xx_hal_flash_ex.o(i.HAL_FLASHEx_OBProgram) refers to stm32f7xx_hal_flash_ex.o(i.FLASH_OB_DisableWRP) for FLASH_OB_DisableWRP
    stm32f7xx_hal_flash_ex.o(i.HAL_FLASHEx_OBProgram) refers to stm32f7xx_hal_flash_ex.o(i.FLASH_OB_RDP_LevelConfig) for FLASH_OB_RDP_LevelConfig
    stm32f7xx_hal_flash_ex.o(i.HAL_FLASHEx_OBProgram) refers to stm32f7xx_hal_flash_ex.o(i.FLASH_OB_UserConfig) for FLASH_OB_UserConfig
    stm32f7xx_hal_flash_ex.o(i.HAL_FLASHEx_OBProgram) refers to stm32f7xx_hal_flash_ex.o(i.FLASH_OB_BOR_LevelConfig) for FLASH_OB_BOR_LevelConfig
[...]
    Removing ltdc.o(i.HAL_LTDC_MspDeInit), (140 bytes).
    Removing usart.o(.rev16_text), (4 bytes).
    Removing usart.o(.revsh_text), (4 bytes).
    Removing usart.o(.rrx_text), (6 bytes).
    Removing usart.o(i.HAL_UART_MspDeInit), (44 bytes).
    Removing i2c.o(.rev16_text), (4 bytes).
    Removing i2c.o(.revsh_text), (4 bytes).
    Removing i2c.o(.rrx_text), (6 bytes).
    Removing i2c.o(i.HAL_I2C_MspDeInit), (44 bytes).
    Removing i2c.o(i.HAL_I2C_MspInit), (80 bytes).
    Removing i2c.o(i.MX_I2C4_Init), (60 bytes).
    Removing i2c.o(.bss), (60 bytes).
    Removing adc.o(.rev16_text), (4 bytes).
    Removing adc.o(.revsh_text), (4 bytes).
    Removing adc.o(.rrx_text), (6 bytes).
    Removing adc.o(i.HAL_ADC_MspDeInit), (56 bytes).
    Removing stm32746g_lcd.o(.rev16_text), (4 bytes).
    Removing stm32746g_lcd.o(.revsh_text), (4 bytes).
    Removing stm32746g_lcd.o(.rrx_text), (6 bytes).
    Removing stm32746g_lcd.o(i.BSP_LCD_ClearStringLine), (92 bytes).
    Removing stm32746g_lcd.o(i.BSP_LCD_ClockConfig), (32 bytes).
    Removing stm32746g_lcd.o(i.BSP_LCD_DeInit), (44 bytes).
    Removing stm32746g_lcd.o(i.BSP_LCD_DisplayOff), (52 bytes).
    Removing stm32746g_lcd.o(i.BSP_LCD_DisplayOn), (52 bytes).
    Removing stm32746g_lcd.o(i.BSP_LCD_DisplayStringAtLine), (28 bytes).
    Removing stm32746g_lcd.o(i.BSP_LCD_DrawBitmap), (160 bytes).
    Removing stm32746g_lcd.o(i.BSP_LCD_DrawEllipse), (284 bytes).
    Removing stm32746g_lcd.o(i.BSP_LCD_DrawLine), (196 bytes).
    Removing stm32746g_lcd.o(i.BSP_LCD_DrawPolygon), (56 bytes).
    Removing stm32746g_lcd.o(i.BSP_LCD_DrawRect), (54 bytes).
    Removing stm32746g_lcd.o(i.BSP_LCD_FillEllipse), (208 bytes).
    Removing stm32746g_lcd.o(i.BSP_LCD_FillPolygon), (276 bytes).
    Removing stm32746g_lcd.o(i.BSP_LCD_FillRect), (156 bytes).
    Removing stm32746g_lcd.o(i.BSP_LCD_GetFont), (28 bytes).
    Removing stm32746g_lcd.o(i.BSP_LCD_GetTextColor), (24 bytes).
    Removing stm32746g_lcd.o(i.BSP_LCD_LayerDefaultInit), (120 bytes).
    Removing stm32746g_lcd.o(i.BSP_LCD_LayerRgb565Init), (124 bytes).
    Removing stm32746g_lcd.o(i.BSP_LCD_MspDeInit), (124 bytes).
    Removing stm32746g_lcd.o(i.BSP_LCD_MspInit), (408 bytes).
    Removing stm32746g_lcd.o(i.BSP_LCD_ReadPixel), (176 bytes).
    Removing stm32746g_lcd.o(i.BSP_LCD_ResetColorKeying), (12 bytes).
    Removing stm32746g_lcd.o(i.BSP_LCD_SetColorKeying), (28 bytes).
    Removing stm32746g_lcd.o(i.BSP_LCD_SetLayerAddress), (12 bytes).
    Removing stm32746g_lcd.o(i.BSP_LCD_SetLayerWindow), (44 bytes).
    Removing stm32746g_lcd.o(i.BSP_LCD_SetTransparency), (12 bytes).
    Removing stm32746g_lcd.o(i.BSP_LCD_SetXSize), (32 bytes).
    Removing stm32746g_lcd.o(i.BSP_LCD_SetYSize), (32 bytes).
    Removing stm32746g_lcd.o(i.FillTriangle), (190 bytes).
    Removing stm32746g_lcd.o(i.LL_ConvertLineToARGB8888), (104 bytes).
    Removing stm32746g_lcd.o(.constdata), (3800 bytes).
    Removing stm32746g_lcd.o(.constdata), (3040 bytes).
    Removing stm32746g_lcd.o(.constdata), (1140 bytes).
    Removing stm32746g_lcd.o(.constdata), (760 bytes).
    Removing stm32746g_lcd.o(.data), (8 bytes).
    Removing stm32746g_lcd.o(.data), (8 bytes).
    Removing stm32746g_lcd.o(.data), (8 bytes).
    Removing stm32746g_lcd.o(.data), (8 bytes).
    Removing stm32746g_sdram.o(.rev16_text), (4 bytes).
    Removing stm32746g_sdram.o(.revsh_text), (4 bytes).
    Removing stm32746g_sdram.o(.rrx_text), (6 bytes).
    Removing stm32746g_sdram.o(i.BSP_SDRAM_DMA_IRQHandler), (12 bytes).
    Removing stm32746g_sdram.o(i.BSP_SDRAM_DeInit), (52 bytes).
    Removing stm32746g_sdram.o(i.BSP_SDRAM_MspDeInit), (32 bytes).
    Removing stm32746g_sdram.o(i.BSP_SDRAM_MspInit), (376 bytes).
    Removing stm32746g_sdram.o(i.BSP_SDRAM_ReadData), (28 bytes).
    Removing stm32746g_sdram.o(i.BSP_SDRAM_ReadData_DMA), (28 bytes).
    Removing stm32746g_sdram.o(i.BSP_SDRAM_Sendcmd), (28 bytes).
    Removing stm32746g_sdram.o(i.BSP_SDRAM_WriteData), (28 bytes).
    Removing stm32746g_sdram.o(i.BSP_SDRAM_WriteData_DMA), (28 bytes).
    Removing ts_i2c.o(.rev16_text), (4 bytes).
    Removing ts_i2c.o(.revsh_text), (4 bytes).
    Removing ts_i2c.o(.rrx_text), (6 bytes).
    Removing ts_i2c.o(i.I2C_Send), (62 bytes).
    Removing gt811.o(.rev16_text), (4 bytes).
    Removing gt811.o(.revsh_text), (4 bytes).
    Removing gt811.o(.rrx_text), (6 bytes).
    Removing dadd.o(.text), (334 bytes).
    Removing dmul.o(.text), (228 bytes).
    Removing ddiv.o(.text), (222 bytes).
    Removing dfixul.o(.text), (48 bytes).
    Removing cdrcmple.o(.text), (48 bytes).
    Removing depilogue.o(.text), (186 bytes).

489 unused section(s) (total 45887 bytes) removed from the image.

==============================================================================

Image Symbol Table

    Local Symbols

    Symbol Name                              Value     Ov Type        Size  Object(Section)

    ../Drivers/CMSIS/Device/ST/STM32F7xx/Source/Templates/arm/startup_stm32f746xx.s 0x00000000   Number         0  startup_stm32f746xx.o ABSOLUTE
    ../Drivers/CMSIS/Device/ST/STM32F7xx/Source/Templates/system_stm32f7xx.c 0x00000000   Number         0  system_stm32f7xx.o ABSOLUTE
    ../Drivers/STM32F7xx_HAL_Driver/Src/stm32f7xx_hal.c 0x00000000   Number         0  stm32f7xx_hal.o ABSOLUTE
    ../Drivers/STM32F7xx_HAL_Driver/Src/stm32f7xx_hal_cortex.c 0x00000000   Number         0  stm32f7xx_hal_cortex.o ABSOLUTE
    ../Drivers/STM32F7xx_HAL_Driver/Src/stm32f7xx_hal_dma.c 0x00000000   Number         0  stm32f7xx_hal_dma.o ABSOLUTE
    ../Drivers/STM32F7xx_HAL_Driver/Src/stm32f7xx_hal_dma2d.c 0x00000000   Number         0  stm32f7xx_hal_dma2d.o ABSOLUTE
    ../Drivers/STM32F7xx_HAL_Driver/Src/stm32f7xx_hal_dma_ex.c 0x00000000   Number         0  stm32f7xx_hal_dma_ex.o ABSOLUTE
    ../Drivers/STM32F7xx_HAL_Driver/Src/stm32f7xx_hal_flash.c 0x00000000   Number         0  stm32f7xx_hal_flash.o ABSOLUTE
    ../Drivers/STM32F7xx_HAL_Driver/Src/stm32f7xx_hal_flash_ex.c 0x00000000   Number         0  stm32f7xx_hal_flash_ex.o ABSOLUTE
    ../Drivers/STM32F7xx_HAL_Driver/Src/stm32f7xx_hal_gpio.c 0x00000000   Number         0  stm32f7xx_hal_gpio.o ABSOLUTE
    ../Drivers/STM32F7xx_HAL_Driver/Src/stm32f7xx_hal_i2c.c 0x00000000   Number         0  stm32f7xx_hal_i2c.o ABSOLUTE
    ../Drivers/STM32F7xx_HAL_Driver/Src/stm32f7xx_hal_i2c_ex.c 0x00000000   Number         0  stm32f7xx_hal_i2c_ex.o ABSOLUTE
    ../Drivers/STM32F7xx_HAL_Driver/Src/stm32f7xx_hal_ltdc.c 0x00000000   Number         0  stm32f7xx_hal_ltdc.o ABSOLUTE
    ../Drivers/STM32F7xx_HAL_Driver/Src/stm32f7xx_hal_pwr.c 0x00000000   Number         0  stm32f7xx_hal_pwr.o ABSOLUTE
    ../Drivers/STM32F7xx_HAL_Driver/Src/stm32f7xx_hal_pwr_ex.c 0x00000000   Number         0  stm32f7xx_hal_pwr_ex.o ABSOLUTE
    ../Drivers/STM32F7xx_HAL_Driver/Src/stm32f7xx_hal_rcc.c 0x00000000   Number         0  stm32f7xx_hal_rcc.o ABSOLUTE
    ../Drivers/STM32F7xx_HAL_Driver/Src/stm32f7xx_hal_rcc_ex.c 0x00000000   Number         0  stm32f7xx_hal_rcc_ex.o ABSOLUTE
    ../Drivers/STM32F7xx_HAL_Driver/Src/stm32f7xx_hal_sdram.c 0x00000000   Number         0  stm32f7xx_hal_sdram.o ABSOLUTE
    ../Drivers/STM32F7xx_HAL_Driver/Src/stm32f7xx_hal_uart.c 0x00000000   Number         0  stm32f7xx_hal_uart.o ABSOLUTE
    ../Drivers/STM32F7xx_HAL_Driver/Src/stm32f7xx_ll_fmc.c 0x00000000   Number         0  stm32f7xx_ll_fmc.o ABSOLUTE
    ../Src/dma.c                             0x00000000   Number         0  dma.o ABSOLUTE
    ../Src/dma2d.c                           0x00000000   Number         0  dma2d.o ABSOLUTE
    ../Src/fmc.c                             0x00000000   Number         0  fmc.o ABSOLUTE
    ../Src/gpio.c                            0x00000000   Number         0  gpio.o ABSOLUTE
    ../Src/i2c.c                             0x00000000   Number         0  i2c.o ABSOLUTE
    ../Src/ltdc.c                            0x00000000   Number         0  ltdc.o ABSOLUTE
    ../Src/main.c                            0x00000000   Number         0  main.o ABSOLUTE
    ../Src/stm32f7xx_hal_msp.c               0x00000000   Number         0  stm32f7xx_hal_msp.o ABSOLUTE
    ../Src/stm32f7xx_it.c                    0x00000000   Number         0  stm32f7xx_it.o ABSOLUTE
    ../Src/usart.c                           0x00000000   Number         0  usart.o ABSOLUTE
    ../clib/microlib/division.c              0x00000000   Number         0  uidiv.o ABSOLUTE
    ../clib/microlib/division.c              0x00000000   Number         0  uldiv.o ABSOLUTE
    ../clib/microlib/init/entry.s            0x00000000   Number         0  entry.o ABSOLUTE
    ../clib/microlib/init/entry.s            0x00000000   Number         0  entry2.o ABSOLUTE
    ../clib/microlib/init/entry.s            0x00000000   Number         0  entry5.o ABSOLUTE
    ../clib/microlib/init/entry.s            0x00000000   Number         0  entry8b.o ABSOLUTE
    ../clib/microlib/init/entry.s            0x00000000   Number         0  entry7a.o ABSOLUTE
    ../clib/microlib/init/entry.s            0x00000000   Number         0  entry7b.o ABSOLUTE
    ../clib/microlib/init/entry.s            0x00000000   Number         0  entry8a.o ABSOLUTE
    ../clib/microlib/init/entry.s            0x00000000   Number         0  entry9a.o ABSOLUTE
    ../clib/microlib/init/entry.s            0x00000000   Number         0  entry9b.o ABSOLUTE
    ../clib/microlib/init/entry.s            0x00000000   Number         0  entry10a.o ABSOLUTE
    ../clib/microlib/init/entry.s            0x00000000   Number         0  entry10b.o ABSOLUTE
    ../clib/microlib/init/entry.s            0x00000000   Number         0  entry11a.o ABSOLUTE
    ../clib/microlib/init/entry.s            0x00000000   Number         0  entry11b.o ABSOLUTE
    ../clib/microlib/longlong.c              0x00000000   Number         0  llshl.o ABSOLUTE
    ../clib/microlib/longlong.c              0x00000000   Number         0  llsshr.o ABSOLUTE
    ../clib/microlib/longlong.c              0x00000000   Number         0  llushr.o ABSOLUTE
    ../clib/microlib/printf/printf.c         0x00000000   Number         0  printfa.o ABSOLUTE
    ../clib/microlib/printf/printf.c         0x00000000   Number         0  printf8.o ABSOLUTE
    ../clib/microlib/printf/printf.c         0x00000000   Number         0  printf7.o ABSOLUTE
    ../clib/microlib/printf/printf.c         0x00000000   Number         0  printf0.o ABSOLUTE
    ../clib/microlib/printf/printf.c         0x00000000   Number         0  printf1.o ABSOLUTE
    ../clib/microlib/printf/printf.c         0x00000000   Number         0  printfb.o ABSOLUTE
    ../clib/microlib/printf/printf.c         0x00000000   Number         0  printf2.o ABSOLUTE
    ../clib/microlib/printf/printf.c         0x00000000   Number         0  printf3.o ABSOLUTE
    ../clib/microlib/printf/printf.c         0x00000000   Number         0  printf4.o ABSOLUTE
    ../clib/microlib/printf/printf.c         0x00000000   Number         0  printf5.o ABSOLUTE
    ../clib/microlib/printf/printf.c         0x00000000   Number         0  printf6.o ABSOLUTE
    ../clib/microlib/printf/stubs.s          0x00000000   Number         0  stubs.o ABSOLUTE
    ../clib/microlib/stdio/streams.c         0x00000000   Number         0  stdout.o ABSOLUTE
    ../clib/microlib/string/memcpy.c         0x00000000   Number         0  memcpya.o ABSOLUTE
    ../clib/microlib/string/memcpy.c         0x00000000   Number         0  memcpyb.o ABSOLUTE
    ../clib/microlib/stubs.s                 0x00000000   Number         0  iusefp.o ABSOLUTE
    ../fplib/microlib/fpadd.c                0x00000000   Number         0  dadd.o ABSOLUTE
    ../fplib/microlib/fpdiv.c                0x00000000   Number         0  ddiv.o ABSOLUTE
    ../fplib/microlib/fpepilogue.c           0x00000000   Number         0  depilogue.o ABSOLUTE
    ../fplib/microlib/fpfix.c                0x00000000   Number         0  dfixul.o ABSOLUTE
    ../fplib/microlib/fpmul.c                0x00000000   Number         0  dmul.o ABSOLUTE
    ..\BSP\GT811.c                           0x00000000   Number         0  gt811.o ABSOLUTE
    ..\BSP\TS_I2C.c                          0x00000000   Number         0  ts_i2c.o ABSOLUTE
    ..\BSP\stm32746g_lcd.c                   0x00000000   Number         0  stm32746g_lcd.o ABSOLUTE
    ..\BSP\stm32746g_sdram.c                 0x00000000   Number         0  stm32746g_sdram.o ABSOLUTE
    ..\Drivers\CMSIS\Device\ST\STM32F7xx\Source\Templates\system_stm32f7xx.c 0x00000000   Number         0  system_stm32f7xx.o ABSOLUTE
    ..\Drivers\STM32F7xx_HAL_Driver\Src\stm32f7xx_hal.c 0x00000000   Number         0  stm32f7xx_hal.o ABSOLUTE
    ..\Drivers\STM32F7xx_HAL_Driver\Src\stm32f7xx_hal_adc.c 0x00000000   Number         0  stm32f7xx_hal_adc.o ABSOLUTE
    ..\Drivers\STM32F7xx_HAL_Driver\Src\stm32f7xx_hal_adc_ex.c 0x00000000   Number         0  stm32f7xx_hal_adc_ex.o ABSOLUTE
    ..\Drivers\STM32F7xx_HAL_Driver\Src\stm32f7xx_hal_cortex.c 0x00000000   Number         0  stm32f7xx_hal_cortex.o ABSOLUTE
    ..\Drivers\STM32F7xx_HAL_Driver\Src\stm32f7xx_hal_dma.c 0x00000000   Number         0  stm32f7xx_hal_dma.o ABSOLUTE
    ..\Drivers\STM32F7xx_HAL_Driver\Src\stm32f7xx_hal_dma2d.c 0x00000000   Number         0  stm32f7xx_hal_dma2d.o ABSOLUTE
    ..\Drivers\STM32F7xx_HAL_Driver\Src\stm32f7xx_hal_dma_ex.c 0x00000000   Number         0  stm32f7xx_hal_dma_ex.o ABSOLUTE
    ..\Drivers\STM32F7xx_HAL_Driver\Src\stm32f7xx_hal_flash.c 0x00000000   Number         0  stm32f7xx_hal_flash.o ABSOLUTE
    ..\Drivers\STM32F7xx_HAL_Driver\Src\stm32f7xx_hal_flash_ex.c 0x00000000   Number         0  stm32f7xx_hal_flash_ex.o ABSOLUTE
    ..\Drivers\STM32F7xx_HAL_Driver\Src\stm32f7xx_hal_gpio.c 0x00000000   Number         0  stm32f7xx_hal_gpio.o ABSOLUTE
    ..\Drivers\STM32F7xx_HAL_Driver\Src\stm32f7xx_hal_i2c.c 0x00000000   Number         0  stm32f7xx_hal_i2c.o ABSOLUTE
    ..\Drivers\STM32F7xx_HAL_Driver\Src\stm32f7xx_hal_i2c_ex.c 0x00000000   Number         0  stm32f7xx_hal_i2c_ex.o ABSOLUTE
    ..\Drivers\STM32F7xx_HAL_Driver\Src\stm32f7xx_hal_ltdc.c 0x00000000   Number         0  stm32f7xx_hal_ltdc.o ABSOLUTE
    ..\Drivers\STM32F7xx_HAL_Driver\Src\stm32f7xx_hal_pwr.c 0x00000000   Number         0  stm32f7xx_hal_pwr.o ABSOLUTE
    ..\Drivers\STM32F7xx_HAL_Driver\Src\stm32f7xx_hal_pwr_ex.c 0x00000000   Number         0  stm32f7xx_hal_pwr_ex.o ABSOLUTE
    ..\Drivers\STM32F7xx_HAL_Driver\Src\stm32f7xx_hal_rcc.c 0x00000000   Number         0  stm32f7xx_hal_rcc.o ABSOLUTE
    ..\Drivers\STM32F7xx_HAL_Driver\Src\stm32f7xx_hal_rcc_ex.c 0x00000000   Number         0  stm32f7xx_hal_rcc_ex.o ABSOLUTE
    ..\Drivers\STM32F7xx_HAL_Driver\Src\stm32f7xx_hal_sdram.c 0x00000000   Number         0  stm32f7xx_hal_sdram.o ABSOLUTE
    ..\Drivers\STM32F7xx_HAL_Driver\Src\stm32f7xx_hal_uart.c 0x00000000   Number         0  stm32f7xx_hal_uart.o ABSOLUTE
    ..\Drivers\STM32F7xx_HAL_Driver\Src\stm32f7xx_ll_fmc.c 0x00000000   Number         0  stm32f7xx_ll_fmc.o ABSOLUTE
    ..\Src\adc.c                             0x00000000   Number         0  adc.o ABSOLUTE
    ..\Src\dma.c                             0x00000000   Number         0  dma.o ABSOLUTE
    ..\Src\dma2d.c                           0x00000000   Number         0  dma2d.o ABSOLUTE
    ..\Src\fmc.c                             0x00000000   Number         0  fmc.o ABSOLUTE
    ..\Src\gpio.c                            0x00000000   Number         0  gpio.o ABSOLUTE
    ..\Src\i2c.c                             0x00000000   Number         0  i2c.o ABSOLUTE
    ..\Src\ltdc.c                            0x00000000   Number         0  ltdc.o ABSOLUTE
    ..\Src\main.c                            0x00000000   Number         0  main.o ABSOLUTE
    ..\Src\stm32f7xx_hal_msp.c               0x00000000   Number         0  stm32f7xx_hal_msp.o ABSOLUTE
    ..\Src\stm32f7xx_it.c                    0x00000000   Number         0  stm32f7xx_it.o ABSOLUTE
    ..\Src\usart.c                           0x00000000   Number         0  usart.o ABSOLUTE
    ..\\BSP\\GT811.c                         0x00000000   Number         0  gt811.o ABSOLUTE
    ..\\BSP\\TS_I2C.c                        0x00000000   Number         0  ts_i2c.o ABSOLUTE
    ..\\BSP\\stm32746g_lcd.c                 0x00000000   Number         0  stm32746g_lcd.o ABSOLUTE
    ..\\BSP\\stm32746g_sdram.c               0x00000000   Number         0  stm32746g_sdram.o ABSOLUTE
    ..\\Drivers\\STM32F7xx_HAL_Driver\\Src\\stm32f7xx_hal_adc.c 0x00000000   Number         0  stm32f7xx_hal_adc.o ABSOLUTE
    ..\\Drivers\\STM32F7xx_HAL_Driver\\Src\\stm32f7xx_hal_adc_ex.c 0x00000000   Number         0  stm32f7xx_hal_adc_ex.o ABSOLUTE
    ..\\Src\\adc.c                           0x00000000   Number         0  adc.o ABSOLUTE
    cdrcmple.s                               0x00000000   Number         0  cdrcmple.o ABSOLUTE
    dc.s                                     0x00000000   Number         0  dc.o ABSOLUTE
    handlers.s                               0x00000000   Number         0  handlers.o ABSOLUTE
    init.s                                   0x00000000   Number         0  init.o ABSOLUTE
    RESET                                    0x08000000   Section      456  startup_stm32f746xx.o(RESET)
    .ARM.Collect$$$$00000000                 0x080001c8   Section        0  entry.o(.ARM.Collect$$$$00000000)
    .ARM.Collect$$$$00000001                 0x080001c8   Section        4  entry2.o(.ARM.Collect$$$$00000001)
    .ARM.Collect$$$$00000004                 0x080001cc   Section        4  entry5.o(.ARM.Collect$$$$00000004)
    .ARM.Collect$$$$00000008                 0x080001d0   Section        0  entry7b.o(.ARM.Collect$$$$00000008)
    .ARM.Collect$$$$0000000A                 0x080001d0   Section        0  entry8b.o(.ARM.Collect$$$$0000000A)
    .ARM.Collect$$$$0000000B                 0x080001d0   Section        8  entry9a.o(.ARM.Collect$$$$0000000B)
    .ARM.Collect$$$$0000000D                 0x080001d8   Section        0  entry10a.o(.ARM.Collect$$$$0000000D)
    .ARM.Collect$$$$0000000F                 0x080001d8   Section        0  entry11a.o(.ARM.Collect$$$$0000000F)
    .ARM.Collect$$$$00002712                 0x080001d8   Section        4  entry2.o(.ARM.Collect$$$$00002712)
    __lit__00000000                          0x080001d8   Data           4  entry2.o(.ARM.Collect$$$$00002712)
    .text                                    0x080001dc   Section       36  startup_stm32f746xx.o(.text)
    $v0                                      0x080001dc   Number         0  startup_stm32f746xx.o(.text)
    .text                                    0x08000200   Section        0  memcpya.o(.text)
    .text                                    0x08000224   Section        0  uldiv.o(.text)
    .text                                    0x08000288   Section       36  init.o(.text)
    .text                                    0x080002ac   Section        0  llshl.o(.text)
    .text                                    0x080002ca   Section        0  llushr.o(.text)
    i.ADC_DMAConvCplt                        0x080002ea   Section        0  stm32f7xx_hal_adc.o(i.ADC_DMAConvCplt)
    ADC_DMAConvCplt                          0x080002eb   Thumb Code   102  stm32f7xx_hal_adc.o(i.ADC_DMAConvCplt)
    i.ADC_DMAError                           0x08000350   Section        0  stm32f7xx_hal_adc.o(i.ADC_DMAError)
    ADC_DMAError                             0x08000351   Thumb Code    22  stm32f7xx_hal_adc.o(i.ADC_DMAError)
    i.ADC_DMAHalfConvCplt                    0x08000366   Section        0  stm32f7xx_hal_adc.o(i.ADC_DMAHalfConvCplt)
    ADC_DMAHalfConvCplt                      0x08000367   Thumb Code    10  stm32f7xx_hal_adc.o(i.ADC_DMAHalfConvCplt)
    i.ADC_Init                               0x08000370   Section        0  stm32f7xx_hal_adc.o(i.ADC_Init)
    ADC_Init                                 0x08000371   Thumb Code   308  stm32f7xx_hal_adc.o(i.ADC_Init)
    i.BSP_LCD_Clear                          0x080004a8   Section        0  stm32746g_lcd.o(i.BSP_LCD_Clear)
    i.BSP_LCD_DisplayANumber                 0x080004e0   Section        0  main.o(i.BSP_LCD_DisplayANumber)
    i.BSP_LCD_DisplayChar                    0x08000564   Section        0  stm32746g_lcd.o(i.BSP_LCD_DisplayChar)
    i.BSP_LCD_DisplayStringAt                0x08000598   Section        0  stm32746g_lcd.o(i.BSP_LCD_DisplayStringAt)
    i.BSP_LCD_DrawCircle                     0x08000660   Section        0  stm32746g_lcd.o(i.BSP_LCD_DrawCircle)
    i.BSP_LCD_DrawHLine                      0x08000778   Section        0  stm32746g_lcd.o(i.BSP_LCD_DrawHLine)
    i.BSP_LCD_DrawPixel                      0x080007f8   Section        0  stm32746g_lcd.o(i.BSP_LCD_DrawPixel)
    i.BSP_LCD_DrawVLine                      0x0800085c   Section        0  stm32746g_lcd.o(i.BSP_LCD_DrawVLine)
    i.BSP_LCD_FillCircle                     0x080008e8   Section        0  stm32746g_lcd.o(i.BSP_LCD_FillCircle)
    i.BSP_LCD_GetBackColor                   0x080009ac   Section        0  stm32746g_lcd.o(i.BSP_LCD_GetBackColor)
    i.BSP_LCD_GetXSize                       0x080009c8   Section        0  stm32746g_lcd.o(i.BSP_LCD_GetXSize)
    i.BSP_LCD_GetYSize                       0x080009e8   Section        0  stm32746g_lcd.o(i.BSP_LCD_GetYSize)
    i.BSP_LCD_Init                           0x08000a08   Section        0  stm32746g_lcd.o(i.BSP_LCD_Init)
    i.BSP_LCD_SelectLayer                    0x08000a1c   Section        0  stm32746g_lcd.o(i.BSP_LCD_SelectLayer)
    i.BSP_LCD_SetBackColor                   0x08000a28   Section        0  stm32746g_lcd.o(i.BSP_LCD_SetBackColor)
    i.BSP_LCD_SetFont                        0x08000a44   Section        0  stm32746g_lcd.o(i.BSP_LCD_SetFont)
    i.BSP_LCD_SetLayerVisible                0x08000a60   Section        0  stm32746g_lcd.o(i.BSP_LCD_SetLayerVisible)
    i.BSP_LCD_SetTextColor                   0x08000a8c   Section        0  stm32746g_lcd.o(i.BSP_LCD_SetTextColor)
    i.BSP_SDRAM_Init                         0x08000aa4   Section        0  stm32746g_sdram.o(i.BSP_SDRAM_Init)
    i.BSP_SDRAM_Initialization_sequence      0x08000ac8   Section        0  stm32746g_sdram.o(i.BSP_SDRAM_Initialization_sequence)
    i.DMA2D_SetConfig                        0x08000b50   Section        0  stm32f7xx_hal_dma2d.o(i.DMA2D_SetConfig)
    DMA2D_SetConfig                          0x08000b51   Thumb Code   172  stm32f7xx_hal_dma2d.o(i.DMA2D_SetConfig)
    i.DMA_CalcBaseAndBitshift                0x08000bfc   Section        0  stm32f7xx_hal_dma.o(i.DMA_CalcBaseAndBitshift)
    DMA_CalcBaseAndBitshift                  0x08000bfd   Thumb Code    44  stm32f7xx_hal_dma.o(i.DMA_CalcBaseAndBitshift)
    i.DMA_SetConfig                          0x08000c30   Section        0  stm32f7xx_hal_dma.o(i.DMA_SetConfig)
    DMA_SetConfig                            0x08000c31   Thumb Code    62  stm32f7xx_hal_dma.o(i.DMA_SetConfig)
    i.DrawChar                               0x08000c70   Section        0  stm32746g_lcd.o(i.DrawChar)
    DrawChar                                 0x08000c71   Thumb Code   168  stm32746g_lcd.o(i.DrawChar)
    i.EXTI9_5_IRQHandler                     0x08000d20   Section        0  stm32f7xx_it.o(i.EXTI9_5_IRQHandler)
    i.FMC_SDRAM_Init                         0x08000d26   Section        0  stm32f7xx_ll_fmc.o(i.FMC_SDRAM_Init)
    i.FMC_SDRAM_ProgramRefreshRate           0x08000d88   Section        0  stm32f7xx_ll_fmc.o(i.FMC_SDRAM_ProgramRefreshRate)
    i.FMC_SDRAM_SendCommand                  0x08000d94   Section        0  stm32f7xx_ll_fmc.o(i.FMC_SDRAM_SendCommand)
    i.FMC_SDRAM_Timing_Init                  0x08000de4   Section        0  stm32f7xx_ll_fmc.o(i.FMC_SDRAM_Timing_Init)
    i.GT811_GetState                         0x08000e60   Section        0  gt811.o(i.GT811_GetState)
    i.GT811_Init                             0x08000f4c   Section        0  gt811.o(i.GT811_Init)
    i.GT811_ReadID                           0x08000fc4   Section        0  gt811.o(i.GT811_ReadID)
    i.HAL_ADC_ConfigChannel                  0x08001004   Section        0  stm32f7xx_hal_adc.o(i.HAL_ADC_ConfigChannel)
    i.HAL_ADC_ConvCpltCallback               0x08001194   Section        0  stm32f7xx_hal_adc.o(i.HAL_ADC_ConvCpltCallback)
    i.HAL_ADC_ConvHalfCpltCallback           0x08001196   Section        0  stm32f7xx_hal_adc.o(i.HAL_ADC_ConvHalfCpltCallback)
    i.HAL_ADC_ErrorCallback                  0x08001198   Section        0  stm32f7xx_hal_adc.o(i.HAL_ADC_ErrorCallback)
    i.HAL_ADC_Init                           0x0800119a   Section        0  stm32f7xx_hal_adc.o(i.HAL_ADC_Init)
    i.HAL_ADC_MspInit                        0x080011f0   Section        0  adc.o(i.HAL_ADC_MspInit)
    i.HAL_ADC_Start_DMA                      0x08001268   Section        0  stm32f7xx_hal_adc.o(i.HAL_ADC_Start_DMA)
    i.HAL_DMA2D_ConfigLayer                  0x080013a0   Section        0  stm32f7xx_hal_dma2d.o(i.HAL_DMA2D_ConfigLayer)
    i.HAL_DMA2D_Init                         0x080014a0   Section        0  stm32f7xx_hal_dma2d.o(i.HAL_DMA2D_Init)
    i.HAL_DMA2D_MspInit                      0x080014fc   Section        0  dma2d.o(i.HAL_DMA2D_MspInit)
    i.HAL_DMA2D_PollForTransfer              0x08001524   Section        0  stm32f7xx_hal_dma2d.o(i.HAL_DMA2D_PollForTransfer)
    i.HAL_DMA2D_Start                        0x08001630   Section        0  stm32f7xx_hal_dma2d.o(i.HAL_DMA2D_Start)
    i.HAL_DMA_Init                           0x08001674   Section        0  stm32f7xx_hal_dma.o(i.HAL_DMA_Init)
    i.HAL_DMA_Start_IT                       0x08001708   Section        0  stm32f7xx_hal_dma.o(i.HAL_DMA_Start_IT)
    i.HAL_Delay                              0x0800175a   Section        0  stm32f7xx_hal.o(i.HAL_Delay)
    i.HAL_FMC_MspInit                        0x08001770   Section        0  fmc.o(i.HAL_FMC_MspInit)
    HAL_FMC_MspInit                          0x08001771   Thumb Code   154  fmc.o(i.HAL_FMC_MspInit)
    i.HAL_GPIO_EXTI_Callback                 0x08001828   Section        0  main.o(i.HAL_GPIO_EXTI_Callback)
    i.HAL_GPIO_EXTI_IRQHandler               0x08001848   Section        0  stm32f7xx_hal_gpio.o(i.HAL_GPIO_EXTI_IRQHandler)
    i.HAL_GPIO_Init                          0x08001860   Section        0  stm32f7xx_hal_gpio.o(i.HAL_GPIO_Init)
    i.HAL_GPIO_ReadPin                       0x08001aa0   Section        0  stm32f7xx_hal_gpio.o(i.HAL_GPIO_ReadPin)
    i.HAL_GPIO_TogglePin                     0x08001aae   Section        0  stm32f7xx_hal_gpio.o(i.HAL_GPIO_TogglePin)
    i.HAL_GPIO_WritePin                      0x08001ab6   Section        0  stm32f7xx_hal_gpio.o(i.HAL_GPIO_WritePin)
    i.HAL_GetTick                            0x08001ac4   Section        0  stm32f7xx_hal.o(i.HAL_GetTick)
    i.HAL_IncTick                            0x08001ad0   Section        0  stm32f7xx_hal.o(i.HAL_IncTick)
    i.HAL_Init                               0x08001ae0   Section        0  stm32f7xx_hal.o(i.HAL_Init)
    i.HAL_InitTick                           0x08001af6   Section        0  stm32f7xx_hal.o(i.HAL_InitTick)
    i.HAL_LTDC_ConfigLayer                   0x08001b18   Section        0  stm32f7xx_hal_ltdc.o(i.HAL_LTDC_ConfigLayer)
    i.HAL_LTDC_Init                          0x08001b94   Section        0  stm32f7xx_hal_ltdc.o(i.HAL_LTDC_Init)
    i.HAL_LTDC_MspInit                       0x08001ca0   Section        0  ltdc.o(i.HAL_LTDC_MspInit)
    i.HAL_MspInit                            0x08001dbc   Section        0  stm32f7xx_hal_msp.o(i.HAL_MspInit)
    i.HAL_NVIC_EnableIRQ                     0x08001dd2   Section        0  stm32f7xx_hal_cortex.o(i.HAL_NVIC_EnableIRQ)
    i.HAL_NVIC_SetPriority                   0x08001dec   Section        0  stm32f7xx_hal_cortex.o(i.HAL_NVIC_SetPriority)
    i.HAL_NVIC_SetPriorityGrouping           0x08001e58   Section        0  stm32f7xx_hal_cortex.o(i.HAL_NVIC_SetPriorityGrouping)
    i.HAL_PWREx_EnableOverDrive              0x08001e7c   Section        0  stm32f7xx_hal_pwr_ex.o(i.HAL_PWREx_EnableOverDrive)
    i.HAL_RCCEx_PeriphCLKConfig              0x08001efc   Section        0  stm32f7xx_hal_rcc_ex.o(i.HAL_RCCEx_PeriphCLKConfig)
    i.HAL_RCC_ClockConfig                    0x08002620   Section        0  stm32f7xx_hal_rcc.o(i.HAL_RCC_ClockConfig)
    i.HAL_RCC_GetHCLKFreq                    0x08002878   Section        0  stm32f7xx_hal_rcc.o(i.HAL_RCC_GetHCLKFreq)
    i.HAL_RCC_GetPCLK1Freq                   0x080028b0   Section        0  stm32f7xx_hal_rcc.o(i.HAL_RCC_GetPCLK1Freq)
    i.HAL_RCC_GetPCLK2Freq                   0x080028e0   Section        0  stm32f7xx_hal_rcc.o(i.HAL_RCC_GetPCLK2Freq)
    i.HAL_RCC_GetSysClockFreq                0x08002910   Section        0  stm32f7xx_hal_rcc.o(i.HAL_RCC_GetSysClockFreq)
    i.HAL_RCC_OscConfig                      0x080029a4   Section        0  stm32f7xx_hal_rcc.o(i.HAL_RCC_OscConfig)
    i.HAL_SDRAM_Init                         0x08002e8e   Section        0  stm32f7xx_hal_sdram.o(i.HAL_SDRAM_Init)
    i.HAL_SDRAM_MspInit                      0x08002ed2   Section        0  fmc.o(i.HAL_SDRAM_MspInit)
    i.HAL_SDRAM_ProgramRefreshRate           0x08002ed6   Section        0  stm32f7xx_hal_sdram.o(i.HAL_SDRAM_ProgramRefreshRate)
    i.HAL_SDRAM_SendCommand                  0x08002efc   Section        0  stm32f7xx_hal_sdram.o(i.HAL_SDRAM_SendCommand)
    i.HAL_SYSTICK_CLKSourceConfig            0x08002f34   Section        0  stm32f7xx_hal_cortex.o(i.HAL_SYSTICK_CLKSourceConfig)
    i.HAL_SYSTICK_Callback                   0x08002f50   Section        0  stm32f7xx_hal_cortex.o(i.HAL_SYSTICK_Callback)
    i.HAL_SYSTICK_Config                     0x08002f5c   Section        0  stm32f7xx_hal_cortex.o(i.HAL_SYSTICK_Config)
    i.HAL_SYSTICK_IRQHandler                 0x08002f84   Section        0  stm32f7xx_hal_cortex.o(i.HAL_SYSTICK_IRQHandler)
    i.HAL_UART_Init                          0x08002f8c   Section        0  stm32f7xx_hal_uart.o(i.HAL_UART_Init)
    i.HAL_UART_MspInit                       0x08002ffc   Section        0  usart.o(i.HAL_UART_MspInit)
    i.HAL_UART_Transmit                      0x0800304c   Section        0  stm32f7xx_hal_uart.o(i.HAL_UART_Transmit)
    i.I2C_Ack                                0x08003128   Section        0  ts_i2c.o(i.I2C_Ack)
    i.I2C_Init                               0x08003178   Section        0  ts_i2c.o(i.I2C_Init)
    i.I2C_NAck                               0x080031e4   Section        0  ts_i2c.o(i.I2C_NAck)
    i.I2C_ReadReg                            0x08003228   Section        0  ts_i2c.o(i.I2C_ReadReg)
    i.I2C_Read_Byte                          0x08003290   Section        0  ts_i2c.o(i.I2C_Read_Byte)
    i.I2C_Send_Byte                          0x08003308   Section        0  ts_i2c.o(i.I2C_Send_Byte)
    i.I2C_Start                              0x08003394   Section        0  ts_i2c.o(i.I2C_Start)
    i.I2C_Stop                               0x080033e8   Section        0  ts_i2c.o(i.I2C_Stop)
    i.I2C_Wait_Ack                           0x0800342c   Section        0  ts_i2c.o(i.I2C_Wait_Ack)
    i.I2C_WriteReg                           0x08003490   Section        0  ts_i2c.o(i.I2C_WriteReg)
    i.LL_FillBuffer                          0x080034e4   Section        0  stm32746g_lcd.o(i.LL_FillBuffer)
    LL_FillBuffer                            0x080034e5   Thumb Code   144  stm32746g_lcd.o(i.LL_FillBuffer)
    i.LTDC_SetConfig                         0x08003584   Section        0  stm32f7xx_hal_ltdc.o(i.LTDC_SetConfig)
    LTDC_SetConfig                           0x08003585   Thumb Code   452  stm32f7xx_hal_ltdc.o(i.LTDC_SetConfig)
    i.MX_ADC1_Init                           0x08003748   Section        0  adc.o(i.MX_ADC1_Init)
    i.MX_DMA2D_Init                          0x0800379c   Section        0  dma2d.o(i.MX_DMA2D_Init)
    i.MX_DMA_Init                            0x080037d0   Section        0  dma.o(i.MX_DMA_Init)
    i.MX_FMC_Init                            0x08003828   Section        0  fmc.o(i.MX_FMC_Init)
    i.MX_GPIO_Init                           0x08003884   Section        0  gpio.o(i.MX_GPIO_Init)
    i.MX_LTDC_Init                           0x08003990   Section        0  ltdc.o(i.MX_LTDC_Init)
    i.MX_USART1_UART_Init                    0x08003a70   Section        0  usart.o(i.MX_USART1_UART_Init)
    i.SDA_IN                                 0x08003a9c   Section        0  ts_i2c.o(i.SDA_IN)
    SDA_IN                                   0x08003a9d   Thumb Code    30  ts_i2c.o(i.SDA_IN)
    i.SDA_OUT                                0x08003ac0   Section        0  ts_i2c.o(i.SDA_OUT)
    SDA_OUT                                  0x08003ac1   Thumb Code    30  ts_i2c.o(i.SDA_OUT)
    i.SysTick_Handler                        0x08003ae4   Section        0  stm32f7xx_it.o(i.SysTick_Handler)
    i.SystemClock_Config                     0x08003af4   Section        0  main.o(i.SystemClock_Config)
    i.SystemInit                             0x08003bb0   Section        0  system_stm32f7xx.o(i.SystemInit)
    i.UART_AdvFeatureConfig                  0x08003c08   Section        0  stm32f7xx_hal_uart.o(i.UART_AdvFeatureConfig)
    i.UART_CheckIdleState                    0x08003ce0   Section        0  stm32f7xx_hal_uart.o(i.UART_CheckIdleState)
    i.UART_SetConfig                         0x08003d38   Section        0  stm32f7xx_hal_uart.o(i.UART_SetConfig)
    i.UART_WaitOnFlagUntilTimeout            0x08004020   Section        0  stm32f7xx_hal_uart.o(i.UART_WaitOnFlagUntilTimeout)
    i.__0printf$5                            0x08004104   Section        0  printf5.o(i.__0printf$5)
    i.__scatterload_copy                     0x08004124   Section       14  handlers.o(i.__scatterload_copy)
    i.__scatterload_null                     0x08004132   Section        2  handlers.o(i.__scatterload_null)
    i.__scatterload_zeroinit                 0x08004134   Section       14  handlers.o(i.__scatterload_zeroinit)
    i._printf_core                           0x08004144   Section        0  printf5.o(i._printf_core)
    _printf_core                             0x08004145   Thumb Code   658  printf5.o(i._printf_core)
    i.delay_us                               0x08004404   Section        0  ts_i2c.o(i.delay_us)
    delay_us                                 0x08004405   Thumb Code    10  ts_i2c.o(i.delay_us)
    i.fputc                                  0x08004410   Section        0  usart.o(i.fputc)
    i.main                                   0x0800442c   Section        0  main.o(i.main)
    .constdata                               0x080047c8   Section        8  stm32f7xx_hal_dma.o(.constdata)
    flagBitshiftOffset                       0x080047c8   Data           8  stm32f7xx_hal_dma.o(.constdata)
    .constdata                               0x080047d0   Section       16  stm32f7xx_hal_rcc.o(.constdata)
    .constdata                               0x080047e0   Section     6840  stm32746g_lcd.o(.constdata)
    .constdata                               0x08006298   Section      106  gt811.o(.constdata)
    .data                                    0x20000000   Section        4  system_stm32f7xx.o(.data)
    .data                                    0x20000004   Section        4  stm32f7xx_hal.o(.data)
    uwTick                                   0x20000004   Data           4  stm32f7xx_hal.o(.data)
    .data                                    0x20000008   Section        8  fmc.o(.data)
    FMC_Initialized                          0x20000008   Data           4  fmc.o(.data)
    FMC_DeInitialized                        0x2000000c   Data           4  fmc.o(.data)
    .data                                    0x20000010   Section       32  main.o(.data)
    .data                                    0x20000030   Section       12  stm32746g_lcd.o(.data)
    ActiveLayer                              0x20000030   Data           4  stm32746g_lcd.o(.data)
    .data                                    0x2000003c   Section        2  stm32746g_sdram.o(.data)
    sdramstatus                              0x2000003c   Data           1  stm32746g_sdram.o(.data)
    sdramstatus                              0x2000003d   Data           1  stm32746g_sdram.o(.data)
    .data                                    0x20000040   Section        4  stdout.o(.data)
    .bss                                     0x20000044   Section       88  dma.o(.bss)
    .bss                                     0x2000009c   Section       52  fmc.o(.bss)
    .bss                                     0x200000d0   Section      464  main.o(.bss)
    .bss                                     0x200002a0   Section       64  dma2d.o(.bss)
    .bss                                     0x200002e0   Section      168  ltdc.o(.bss)
    .bss                                     0x20000388   Section      112  usart.o(.bss)
    .bss                                     0x200003f8   Section      160  adc.o(.bss)
    .bss                                     0x20000498   Section      156  stm32746g_lcd.o(.bss)
    periph_clk_init_struct                   0x20000498   Data         132  stm32746g_lcd.o(.bss)
    DrawProp                                 0x2000051c   Data          24  stm32746g_lcd.o(.bss)
    .bss                                     0x20000534   Section      244  stm32746g_sdram.o(.bss)
    dma_handle                               0x20000534   Data          88  stm32746g_sdram.o(.bss)
    dma_handle                               0x2000058c   Data          88  stm32746g_sdram.o(.bss)
    sdramHandle                              0x200005e4   Data          52  stm32746g_sdram.o(.bss)
    Command                                  0x20000618   Data          16  stm32746g_sdram.o(.bss)
    STACK                                    0x20000628   Section     4096  startup_stm32f746xx.o(STACK)

    Global Symbols

    Symbol Name                              Value     Ov Type        Size  Object(Section)

    BuildAttributes$$THM_ISAv4$E$P$D$K$B$S$7EM$VFPi5$EXTD16$VFPS$VFMA$PE$PLD8$A:L22UL41UL21$X:L11$S22US41US21$IEEE1$IW$USESV6$~STKCKD$USESV7$~SHL$OTIME$ROPI$EBA8$MICROLIB$REQ8$PRES8$EABIv2 0x00000000   Number         0  anon$$obj.o ABSOLUTE
    __ARM_use_no_argv                        0x00000000   Number         0  main.o ABSOLUTE
    _printf_a                                0x00000000   Number         0  stubs.o ABSOLUTE
    _printf_c                                0x00000000   Number         0  stubs.o ABSOLUTE
    _printf_charcount                        0x00000000   Number         0  stubs.o ABSOLUTE
    _printf_d                                0x00000000   Number         0  stubs.o ABSOLUTE
    _printf_e                                0x00000000   Number         0  stubs.o ABSOLUTE
    _printf_f                                0x00000000   Number         0  stubs.o ABSOLUTE
    _printf_flags                            0x00000000   Number         0  stubs.o ABSOLUTE
    _printf_fp_dec                           0x00000000   Number         0  stubs.o ABSOLUTE
    _printf_fp_hex                           0x00000000   Number         0  stubs.o ABSOLUTE
    _printf_g                                0x00000000   Number         0  stubs.o ABSOLUTE
    _printf_i                                0x00000000   Number         0  stubs.o ABSOLUTE
    _printf_int_dec                          0x00000000   Number         0  stubs.o ABSOLUTE
    _printf_l                                0x00000000   Number         0  stubs.o ABSOLUTE
    _printf_lc                               0x00000000   Number         0  stubs.o ABSOLUTE
    _printf_ll                               0x00000000   Number         0  stubs.o ABSOLUTE
    _printf_lld                              0x00000000   Number         0  stubs.o ABSOLUTE
    _printf_lli                              0x00000000   Number         0  stubs.o ABSOLUTE
    _printf_llo                              0x00000000   Number         0  stubs.o ABSOLUTE
    _printf_llu                              0x00000000   Number         0  stubs.o ABSOLUTE
    _printf_llx                              0x00000000   Number         0  stubs.o ABSOLUTE
    _printf_longlong_dec                     0x00000000   Number         0  stubs.o ABSOLUTE
    _printf_longlong_hex                     0x00000000   Number         0  stubs.o ABSOLUTE
    _printf_longlong_oct                     0x00000000   Number         0  stubs.o ABSOLUTE
    _printf_ls                               0x00000000   Number         0  stubs.o ABSOLUTE
    _printf_mbtowc                           0x00000000   Number         0  stubs.o ABSOLUTE
    _printf_n                                0x00000000   Number         0  stubs.o ABSOLUTE
    _printf_o                                0x00000000   Number         0  stubs.o ABSOLUTE
    _printf_p                                0x00000000   Number         0  stubs.o ABSOLUTE
    _printf_percent                          0x00000000   Number         0  stubs.o ABSOLUTE
    _printf_pre_padding                      0x00000000   Number         0  stubs.o ABSOLUTE
    _printf_return_value                     0x00000000   Number         0  stubs.o ABSOLUTE
    _printf_s                                0x00000000   Number         0  stubs.o ABSOLUTE
    _printf_sizespec                         0x00000000   Number         0  stubs.o ABSOLUTE
    _printf_str                              0x00000000   Number         0  stubs.o ABSOLUTE
    _printf_truncate_signed                  0x00000000   Number         0  stubs.o ABSOLUTE
    _printf_truncate_unsigned                0x00000000   Number         0  stubs.o ABSOLUTE
    _printf_u                                0x00000000   Number         0  stubs.o ABSOLUTE
    _printf_wc                               0x00000000   Number         0  stubs.o ABSOLUTE
    _printf_wctomb                           0x00000000   Number         0  stubs.o ABSOLUTE
    _printf_widthprec                        0x00000000   Number         0  stubs.o ABSOLUTE
    _printf_x                                0x00000000   Number         0  stubs.o ABSOLUTE
    __cpp_initialize__aeabi_                  - Undefined Weak Reference
    __cxa_finalize                            - Undefined Weak Reference
    __decompress                              - Undefined Weak Reference
    _clock_init                               - Undefined Weak Reference
    _microlib_exit                            - Undefined Weak Reference
    __Vectors_Size                           0x000001c8   Number         0  startup_stm32f746xx.o ABSOLUTE
    __Vectors                                0x08000000   Data           4  startup_stm32f746xx.o(RESET)
    __Vectors_End                            0x080001c8   Data           0  startup_stm32f746xx.o(RESET)
    __main                                   0x080001c9   Thumb Code     0  entry.o(.ARM.Collect$$$$00000000)
    _main_stk                                0x080001c9   Thumb Code     0  entry2.o(.ARM.Collect$$$$00000001)
    _main_scatterload                        0x080001cd   Thumb Code     0  entry5.o(.ARM.Collect$$$$00000004)
    __main_after_scatterload                 0x080001d1   Thumb Code     0  entry5.o(.ARM.Collect$$$$00000004)
    _main_clock                              0x080001d1   Thumb Code     0  entry7b.o(.ARM.Collect$$$$00000008)
    _main_cpp_init                           0x080001d1   Thumb Code     0  entry8b.o(.ARM.Collect$$$$0000000A)
    _main_init                               0x080001d1   Thumb Code     0  entry9a.o(.ARM.Collect$$$$0000000B)
    __rt_final_cpp                           0x080001d9   Thumb Code     0  entry10a.o(.ARM.Collect$$$$0000000D)
    __rt_final_exit                          0x080001d9   Thumb Code     0  entry11a.o(.ARM.Collect$$$$0000000F)
    Reset_Handler                            0x080001dd   Thumb Code     8  startup_stm32f746xx.o(.text)
    NMI_Handler                              0x080001e5   Thumb Code     2  startup_stm32f746xx.o(.text)
    HardFault_Handler                        0x080001e7   Thumb Code     2  startup_stm32f746xx.o(.text)
    MemManage_Handler                        0x080001e9   Thumb Code     2  startup_stm32f746xx.o(.text)
    BusFault_Handler                         0x080001eb   Thumb Code     2  startup_stm32f746xx.o(.text)
    UsageFault_Handler                       0x080001ed   Thumb Code     2  startup_stm32f746xx.o(.text)
    SVC_Handler                              0x080001ef   Thumb Code     2  startup_stm32f746xx.o(.text)
    DebugMon_Handler                         0x080001f1   Thumb Code     2  startup_stm32f746xx.o(.text)
    PendSV_Handler                           0x080001f3   Thumb Code     2  startup_stm32f746xx.o(.text)
    ADC_IRQHandler                           0x080001f7   Thumb Code     0  startup_stm32f746xx.o(.text)
    CAN1_RX0_IRQHandler                      0x080001f7   Thumb Code     0  startup_stm32f746xx.o(.text)
    CAN1_RX1_IRQHandler                      0x080001f7   Thumb Code     0  startup_stm32f746xx.o(.text)
    CAN1_SCE_IRQHandler                      0x080001f7   Thumb Code     0  startup_stm32f746xx.o(.text)
    CAN1_TX_IRQHandler                       0x080001f7   Thumb Code     0  startup_stm32f746xx.o(.text)
    CAN2_RX0_IRQHandler                      0x080001f7   Thumb Code     0  startup_stm32f746xx.o(.text)
    CAN2_RX1_IRQHandler                      0x080001f7   Thumb Code     0  startup_stm32f746xx.o(.text)
    CAN2_SCE_IRQHandler                      0x080001f7   Thumb Code     0  startup_stm32f746xx.o(.text)
    CAN2_TX_IRQHandler                       0x080001f7   Thumb Code     0  startup_stm32f746xx.o(.text)
    CEC_IRQHandler                           0x080001f7   Thumb Code     0  startup_stm32f746xx.o(.text)
    DCMI_IRQHandler                          0x080001f7   Thumb Code     0  startup_stm32f746xx.o(.text)
    DMA1_Stream0_IRQHandler                  0x080001f7   Thumb Code     0  startup_stm32f746xx.o(.text)
    DMA1_Stream1_IRQHandler                  0x080001f7   Thumb Code     0  startup_stm32f746xx.o(.text)
    DMA1_Stream2_IRQHandler                  0x080001f7   Thumb Code     0  startup_stm32f746xx.o(.text)
    DMA1_Stream3_IRQHandler                  0x080001f7   Thumb Code     0  startup_stm32f746xx.o(.text)
    DMA1_Stream4_IRQHandler                  0x080001f7   Thumb Code     0  startup_stm32f746xx.o(.text)
    DMA1_Stream5_IRQHandler                  0x080001f7   Thumb Code     0  startup_stm32f746xx.o(.text)
    DMA1_Stream6_IRQHandler                  0x080001f7   Thumb Code     0  startup_stm32f746xx.o(.text)
    DMA1_Stream7_IRQHandler                  0x080001f7   Thumb Code     0  startup_stm32f746xx.o(.text)
    DMA2D_IRQHandler                         0x080001f7   Thumb Code     0  startup_stm32f746xx.o(.text)
    DMA2_Stream0_IRQHandler                  0x080001f7   Thumb Code     0  startup_stm32f746xx.o(.text)
    DMA2_Stream1_IRQHandler                  0x080001f7   Thumb Code     0  startup_stm32f746xx.o(.text)
    DMA2_Stream2_IRQHandler                  0x080001f7   Thumb Code     0  startup_stm32f746xx.o(.text)
    DMA2_Stream3_IRQHandler                  0x080001f7   Thumb Code     0  startup_stm32f746xx.o(.text)
    DMA2_Stream4_IRQHandler                  0x080001f7   Thumb Code     0  startup_stm32f746xx.o(.text)
    DMA2_Stream5_IRQHandler                  0x080001f7   Thumb Code     0  startup_stm32f746xx.o(.text)
    DMA2_Stream6_IRQHandler                  0x080001f7   Thumb Code     0  startup_stm32f746xx.o(.text)
    DMA2_Stream7_IRQHandler                  0x080001f7   Thumb Code     0  startup_stm32f746xx.o(.text)
    ETH_IRQHandler                           0x080001f7   Thumb Code     0  startup_stm32f746xx.o(.text)
    ETH_WKUP_IRQHandler                      0x080001f7   Thumb Code     0  startup_stm32f746xx.o(.text)
    EXTI0_IRQHandler                         0x080001f7   Thumb Code     0  startup_stm32f746xx.o(.text)
    EXTI15_10_IRQHandler                     0x080001f7   Thumb Code     0  startup_stm32f746xx.o(.text)
    EXTI1_IRQHandler                         0x080001f7   Thumb Code     0  startup_stm32f746xx.o(.text)
    EXTI2_IRQHandler                         0x080001f7   Thumb Code     0  startup_stm32f746xx.o(.text)
    EXTI3_IRQHandler                         0x080001f7   Thumb Code     0  startup_stm32f746xx.o(.text)
    EXTI4_IRQHandler                         0x080001f7   Thumb Code     0  startup_stm32f746xx.o(.text)
    FLASH_IRQHandler                         0x080001f7   Thumb Code     0  startup_stm32f746xx.o(.text)
    FMC_IRQHandler                           0x080001f7   Thumb Code     0  startup_stm32f746xx.o(.text)
    FPU_IRQHandler                           0x080001f7   Thumb Code     0  startup_stm32f746xx.o(.text)
    I2C1_ER_IRQHandler                       0x080001f7   Thumb Code     0  startup_stm32f746xx.o(.text)
    I2C1_EV_IRQHandler                       0x080001f7   Thumb Code     0  startup_stm32f746xx.o(.text)
    I2C2_ER_IRQHandler                       0x080001f7   Thumb Code     0  startup_stm32f746xx.o(.text)
    I2C2_EV_IRQHandler                       0x080001f7   Thumb Code     0  startup_stm32f746xx.o(.text)
    I2C3_ER_IRQHandler                       0x080001f7   Thumb Code     0  startup_stm32f746xx.o(.text)
    I2C3_EV_IRQHandler                       0x080001f7   Thumb Code     0  startup_stm32f746xx.o(.text)
    I2C4_ER_IRQHandler                       0x080001f7   Thumb Code     0  startup_stm32f746xx.o(.text)
    I2C4_EV_IRQHandler                       0x080001f7   Thumb Code     0  startup_stm32f746xx.o(.text)
    LPTIM1_IRQHandler                        0x080001f7   Thumb Code     0  startup_stm32f746xx.o(.text)
    LTDC_ER_IRQHandler                       0x080001f7   Thumb Code     0  startup_stm32f746xx.o(.text)
    LTDC_IRQHandler                          0x080001f7   Thumb Code     0  startup_stm32f746xx.o(.text)
    OTG_FS_IRQHandler                        0x080001f7   Thumb Code     0  startup_stm32f746xx.o(.text)
    OTG_FS_WKUP_IRQHandler                   0x080001f7   Thumb Code     0  startup_stm32f746xx.o(.text)
    OTG_HS_EP1_IN_IRQHandler                 0x080001f7   Thumb Code     0  startup_stm32f746xx.o(.text)
    OTG_HS_EP1_OUT_IRQHandler                0x080001f7   Thumb Code     0  startup_stm32f746xx.o(.text)
    OTG_HS_IRQHandler                        0x080001f7   Thumb Code     0  startup_stm32f746xx.o(.text)
    OTG_HS_WKUP_IRQHandler                   0x080001f7   Thumb Code     0  startup_stm32f746xx.o(.text)
    PVD_IRQHandler                           0x080001f7   Thumb Code     0  startup_stm32f746xx.o(.text)
    QUADSPI_IRQHandler                       0x080001f7   Thumb Code     0  startup_stm32f746xx.o(.text)
    RCC_IRQHandler                           0x080001f7   Thumb Code     0  startup_stm32f746xx.o(.text)
    RNG_IRQHandler                           0x080001f7   Thumb Code     0  startup_stm32f746xx.o(.text)
    RTC_Alarm_IRQHandler                     0x080001f7   Thumb Code     0  startup_stm32f746xx.o(.text)
    RTC_WKUP_IRQHandler                      0x080001f7   Thumb Code     0  startup_stm32f746xx.o(.text)
    SAI1_IRQHandler                          0x080001f7   Thumb Code     0  startup_stm32f746xx.o(.text)
    SAI2_IRQHandler                          0x080001f7   Thumb Code     0  startup_stm32f746xx.o(.text)
    SDMMC1_IRQHandler                        0x080001f7   Thumb Code     0  startup_stm32f746xx.o(.text)
    SPDIF_RX_IRQHandler                      0x080001f7   Thumb Code     0  startup_stm32f746xx.o(.text)
    SPI1_IRQHandler                          0x080001f7   Thumb Code     0  startup_stm32f746xx.o(.text)
    SPI2_IRQHandler                          0x080001f7   Thumb Code     0  startup_stm32f746xx.o(.text)
    SPI3_IRQHandler                          0x080001f7   Thumb Code     0  startup_stm32f746xx.o(.text)
    SPI4_IRQHandler                          0x080001f7   Thumb Code     0  startup_stm32f746xx.o(.text)
    SPI5_IRQHandler                          0x080001f7   Thumb Code     0  startup_stm32f746xx.o(.text)
    SPI6_IRQHandler                          0x080001f7   Thumb Code     0  startup_stm32f746xx.o(.text)
    TAMP_STAMP_IRQHandler                    0x080001f7   Thumb Code     0  startup_stm32f746xx.o(.text)
    TIM1_BRK_TIM9_IRQHandler                 0x080001f7   Thumb Code     0  startup_stm32f746xx.o(.text)
    TIM1_CC_IRQHandler                       0x080001f7   Thumb Code     0  startup_stm32f746xx.o(.text)
    TIM1_TRG_COM_TIM11_IRQHandler            0x080001f7   Thumb Code     0  startup_stm32f746xx.o(.text)
    TIM1_UP_TIM10_IRQHandler                 0x080001f7   Thumb Code     0  startup_stm32f746xx.o(.text)
    TIM2_IRQHandler                          0x080001f7   Thumb Code     0  startup_stm32f746xx.o(.text)
    TIM3_IRQHandler                          0x080001f7   Thumb Code     0  startup_stm32f746xx.o(.text)
    TIM4_IRQHandler                          0x080001f7   Thumb Code     0  startup_stm32f746xx.o(.text)
    TIM5_IRQHandler                          0x080001f7   Thumb Code     0  startup_stm32f746xx.o(.text)
    TIM6_DAC_IRQHandler                      0x080001f7   Thumb Code     0  startup_stm32f746xx.o(.text)
    TIM7_IRQHandler                          0x080001f7   Thumb Code     0  startup_stm32f746xx.o(.text)
    TIM8_BRK_TIM12_IRQHandler                0x080001f7   Thumb Code     0  startup_stm32f746xx.o(.text)
    TIM8_CC_IRQHandler                       0x080001f7   Thumb Code     0  startup_stm32f746xx.o(.text)
    TIM8_TRG_COM_TIM14_IRQHandler            0x080001f7   Thumb Code     0  startup_stm32f746xx.o(.text)
    TIM8_UP_TIM13_IRQHandler                 0x080001f7   Thumb Code     0  startup_stm32f746xx.o(.text)
    UART4_IRQHandler                         0x080001f7   Thumb Code     0  startup_stm32f746xx.o(.text)
    UART5_IRQHandler                         0x080001f7   Thumb Code     0  startup_stm32f746xx.o(.text)
    UART7_IRQHandler                         0x080001f7   Thumb Code     0  startup_stm32f746xx.o(.text)
    UART8_IRQHandler                         0x080001f7   Thumb Code     0  startup_stm32f746xx.o(.text)
    USART1_IRQHandler                        0x080001f7   Thumb Code     0  startup_stm32f746xx.o(.text)
    USART2_IRQHandler                        0x080001f7   Thumb Code     0  startup_stm32f746xx.o(.text)
    USART3_IRQHandler                        0x080001f7   Thumb Code     0  startup_stm32f746xx.o(.text)
    USART6_IRQHandler                        0x080001f7   Thumb Code     0  startup_stm32f746xx.o(.text)
    WWDG_IRQHandler                          0x080001f7   Thumb Code     0  startup_stm32f746xx.o(.text)
    __aeabi_memcpy                           0x08000201   Thumb Code    36  memcpya.o(.text)
    __aeabi_memcpy4                          0x08000201   Thumb Code     0  memcpya.o(.text)
    __aeabi_memcpy8                          0x08000201   Thumb Code     0  memcpya.o(.text)
    __aeabi_uldivmod                         0x08000225   Thumb Code    98  uldiv.o(.text)
    __scatterload                            0x08000289   Thumb Code    28  init.o(.text)
    __scatterload_rt2                        0x08000289   Thumb Code     0  init.o(.text)
    __aeabi_llsl                             0x080002ad   Thumb Code    30  llshl.o(.text)
    _ll_shift_l                              0x080002ad   Thumb Code     0  llshl.o(.text)
    __aeabi_llsr                             0x080002cb   Thumb Code    32  llushr.o(.text)
    _ll_ushift_r                             0x080002cb   Thumb Code     0  llushr.o(.text)
    BSP_LCD_Clear                            0x080004a9   Thumb Code    48  stm32746g_lcd.o(i.BSP_LCD_Clear)
    BSP_LCD_DisplayANumber                   0x080004e1   Thumb Code   126  main.o(i.BSP_LCD_DisplayANumber)
    BSP_LCD_DisplayChar                      0x08000565   Thumb Code    44  stm32746g_lcd.o(i.BSP_LCD_DisplayChar)
    BSP_LCD_DisplayStringAt                  0x08000599   Thumb Code   192  stm32746g_lcd.o(i.BSP_LCD_DisplayStringAt)
    BSP_LCD_DrawCircle                       0x08000661   Thumb Code   270  stm32746g_lcd.o(i.BSP_LCD_DrawCircle)
    BSP_LCD_DrawHLine                        0x08000779   Thumb Code   114  stm32746g_lcd.o(i.BSP_LCD_DrawHLine)
    BSP_LCD_DrawPixel                        0x080007f9   Thumb Code    90  stm32746g_lcd.o(i.BSP_LCD_DrawPixel)
    BSP_LCD_DrawVLine                        0x0800085d   Thumb Code   126  stm32746g_lcd.o(i.BSP_LCD_DrawVLine)
    BSP_LCD_FillCircle                       0x080008e9   Thumb Code   186  stm32746g_lcd.o(i.BSP_LCD_FillCircle)
    BSP_LCD_GetBackColor                     0x080009ad   Thumb Code    18  stm32746g_lcd.o(i.BSP_LCD_GetBackColor)
    BSP_LCD_GetXSize                         0x080009c9   Thumb Code    22  stm32746g_lcd.o(i.BSP_LCD_GetXSize)
    BSP_LCD_GetYSize                         0x080009e9   Thumb Code    22  stm32746g_lcd.o(i.BSP_LCD_GetYSize)
    BSP_LCD_Init                             0x08000a09   Thumb Code    16  stm32746g_lcd.o(i.BSP_LCD_Init)
    BSP_LCD_SelectLayer                      0x08000a1d   Thumb Code     6  stm32746g_lcd.o(i.BSP_LCD_SelectLayer)
    BSP_LCD_SetBackColor                     0x08000a29   Thumb Code    18  stm32746g_lcd.o(i.BSP_LCD_SetBackColor)
    BSP_LCD_SetFont                          0x08000a45   Thumb Code    18  stm32746g_lcd.o(i.BSP_LCD_SetFont)
    BSP_LCD_SetLayerVisible                  0x08000a61   Thumb Code    40  stm32746g_lcd.o(i.BSP_LCD_SetLayerVisible)
    BSP_LCD_SetTextColor                     0x08000a8d   Thumb Code    16  stm32746g_lcd.o(i.BSP_LCD_SetTextColor)
    BSP_SDRAM_Init                           0x08000aa5   Thumb Code    22  stm32746g_sdram.o(i.BSP_SDRAM_Init)
    BSP_SDRAM_Initialization_sequence        0x08000ac9   Thumb Code   130  stm32746g_sdram.o(i.BSP_SDRAM_Initialization_sequence)
    EXTI9_5_IRQHandler                       0x08000d21   Thumb Code     6  stm32f7xx_it.o(i.EXTI9_5_IRQHandler)
    FMC_SDRAM_Init                           0x08000d27   Thumb Code    98  stm32f7xx_ll_fmc.o(i.FMC_SDRAM_Init)
    FMC_SDRAM_ProgramRefreshRate             0x08000d89   Thumb Code    12  stm32f7xx_ll_fmc.o(i.FMC_SDRAM_ProgramRefreshRate)
    FMC_SDRAM_SendCommand                    0x08000d95   Thumb Code    80  stm32f7xx_ll_fmc.o(i.FMC_SDRAM_SendCommand)
    FMC_SDRAM_Timing_Init                    0x08000de5   Thumb Code   124  stm32f7xx_ll_fmc.o(i.FMC_SDRAM_Timing_Init)
    GT811_GetState                           0x08000e61   Thumb Code   234  gt811.o(i.GT811_GetState)
    GT811_Init                               0x08000f4d   Thumb Code   112  gt811.o(i.GT811_Init)
    GT811_ReadID                             0x08000fc5   Thumb Code    50  gt811.o(i.GT811_ReadID)
    HAL_ADC_ConfigChannel                    0x08001005   Thumb Code   382  stm32f7xx_hal_adc.o(i.HAL_ADC_ConfigChannel)
    HAL_ADC_ConvCpltCallback                 0x08001195   Thumb Code     2  stm32f7xx_hal_adc.o(i.HAL_ADC_ConvCpltCallback)
    HAL_ADC_ConvHalfCpltCallback             0x08001197   Thumb Code     2  stm32f7xx_hal_adc.o(i.HAL_ADC_ConvHalfCpltCallback)
    HAL_ADC_ErrorCallback                    0x08001199   Thumb Code     2  stm32f7xx_hal_adc.o(i.HAL_ADC_ErrorCallback)
    HAL_ADC_Init                             0x0800119b   Thumb Code    86  stm32f7xx_hal_adc.o(i.HAL_ADC_Init)
    HAL_ADC_MspInit                          0x080011f1   Thumb Code   102  adc.o(i.HAL_ADC_MspInit)
    HAL_ADC_Start_DMA                        0x08001269   Thumb Code   286  stm32f7xx_hal_adc.o(i.HAL_ADC_Start_DMA)
    HAL_DMA2D_ConfigLayer                    0x080013a1   Thumb Code   250  stm32f7xx_hal_dma2d.o(i.HAL_DMA2D_ConfigLayer)
    HAL_DMA2D_Init                           0x080014a1   Thumb Code    92  stm32f7xx_hal_dma2d.o(i.HAL_DMA2D_Init)
    HAL_DMA2D_MspInit                        0x080014fd   Thumb Code    36  dma2d.o(i.HAL_DMA2D_MspInit)
    HAL_DMA2D_PollForTransfer                0x08001525   Thumb Code   268  stm32f7xx_hal_dma2d.o(i.HAL_DMA2D_PollForTransfer)
    HAL_DMA2D_Start                          0x08001631   Thumb Code    66  stm32f7xx_hal_dma2d.o(i.HAL_DMA2D_Start)
    HAL_DMA_Init                             0x08001675   Thumb Code   144  stm32f7xx_hal_dma.o(i.HAL_DMA_Init)
    HAL_DMA_Start_IT                         0x08001709   Thumb Code    82  stm32f7xx_hal_dma.o(i.HAL_DMA_Start_IT)
    HAL_Delay                                0x0800175b   Thumb Code    22  stm32f7xx_hal.o(i.HAL_Delay)
    HAL_GPIO_EXTI_Callback                   0x08001829   Thumb Code    18  main.o(i.HAL_GPIO_EXTI_Callback)
    HAL_GPIO_EXTI_IRQHandler                 0x08001849   Thumb Code    18  stm32f7xx_hal_gpio.o(i.HAL_GPIO_EXTI_IRQHandler)
    HAL_GPIO_Init                            0x08001861   Thumb Code   556  stm32f7xx_hal_gpio.o(i.HAL_GPIO_Init)
    HAL_GPIO_ReadPin                         0x08001aa1   Thumb Code    14  stm32f7xx_hal_gpio.o(i.HAL_GPIO_ReadPin)
    HAL_GPIO_TogglePin                       0x08001aaf   Thumb Code     8  stm32f7xx_hal_gpio.o(i.HAL_GPIO_TogglePin)
    HAL_GPIO_WritePin                        0x08001ab7   Thumb Code    14  stm32f7xx_hal_gpio.o(i.HAL_GPIO_WritePin)
    HAL_GetTick                              0x08001ac5   Thumb Code     6  stm32f7xx_hal.o(i.HAL_GetTick)
    HAL_IncTick                              0x08001ad1   Thumb Code    10  stm32f7xx_hal.o(i.HAL_IncTick)
    HAL_Init                                 0x08001ae1   Thumb Code    22  stm32f7xx_hal.o(i.HAL_Init)
    HAL_InitTick                             0x08001af7   Thumb Code    34  stm32f7xx_hal.o(i.HAL_InitTick)
    HAL_LTDC_ConfigLayer                     0x08001b19   Thumb Code   124  stm32f7xx_hal_ltdc.o(i.HAL_LTDC_ConfigLayer)
    HAL_LTDC_Init                            0x08001b95   Thumb Code   264  stm32f7xx_hal_ltdc.o(i.HAL_LTDC_Init)
    HAL_LTDC_MspInit                         0x08001ca1   Thumb Code   248  ltdc.o(i.HAL_LTDC_MspInit)
    HAL_MspInit                              0x08001dbd   Thumb Code    22  stm32f7xx_hal_msp.o(i.HAL_MspInit)
    HAL_NVIC_EnableIRQ                       0x08001dd3   Thumb Code    24  stm32f7xx_hal_cortex.o(i.HAL_NVIC_EnableIRQ)
    HAL_NVIC_SetPriority                     0x08001ded   Thumb Code   104  stm32f7xx_hal_cortex.o(i.HAL_NVIC_SetPriority)
    HAL_NVIC_SetPriorityGrouping             0x08001e59   Thumb Code    30  stm32f7xx_hal_cortex.o(i.HAL_NVIC_SetPriorityGrouping)
    HAL_PWREx_EnableOverDrive                0x08001e7d   Thumb Code   118  stm32f7xx_hal_pwr_ex.o(i.HAL_PWREx_EnableOverDrive)
    HAL_RCCEx_PeriphCLKConfig                0x08001efd   Thumb Code  1820  stm32f7xx_hal_rcc_ex.o(i.HAL_RCCEx_PeriphCLKConfig)
    HAL_RCC_ClockConfig                      0x08002621   Thumb Code   588  stm32f7xx_hal_rcc.o(i.HAL_RCC_ClockConfig)
    HAL_RCC_GetHCLKFreq                      0x08002879   Thumb Code    42  stm32f7xx_hal_rcc.o(i.HAL_RCC_GetHCLKFreq)
    HAL_RCC_GetPCLK1Freq                     0x080028b1   Thumb Code    40  stm32f7xx_hal_rcc.o(i.HAL_RCC_GetPCLK1Freq)
    HAL_RCC_GetPCLK2Freq                     0x080028e1   Thumb Code    40  stm32f7xx_hal_rcc.o(i.HAL_RCC_GetPCLK2Freq)
    HAL_RCC_GetSysClockFreq                  0x08002911   Thumb Code   136  stm32f7xx_hal_rcc.o(i.HAL_RCC_GetSysClockFreq)
    HAL_RCC_OscConfig                        0x080029a5   Thumb Code  1258  stm32f7xx_hal_rcc.o(i.HAL_RCC_OscConfig)
    HAL_SDRAM_Init                           0x08002e8f   Thumb Code    68  stm32f7xx_hal_sdram.o(i.HAL_SDRAM_Init)
    HAL_SDRAM_MspInit                        0x08002ed3   Thumb Code     4  fmc.o(i.HAL_SDRAM_MspInit)
    HAL_SDRAM_ProgramRefreshRate             0x08002ed7   Thumb Code    38  stm32f7xx_hal_sdram.o(i.HAL_SDRAM_ProgramRefreshRate)
    HAL_SDRAM_SendCommand                    0x08002efd   Thumb Code    56  stm32f7xx_hal_sdram.o(i.HAL_SDRAM_SendCommand)
    HAL_SYSTICK_CLKSourceConfig              0x08002f35   Thumb Code    28  stm32f7xx_hal_cortex.o(i.HAL_SYSTICK_CLKSourceConfig)
    HAL_SYSTICK_Callback                     0x08002f51   Thumb Code    10  stm32f7xx_hal_cortex.o(i.HAL_SYSTICK_Callback)
    HAL_SYSTICK_Config                       0x08002f5d   Thumb Code    36  stm32f7xx_hal_cortex.o(i.HAL_SYSTICK_Config)
    HAL_SYSTICK_IRQHandler                   0x08002f85   Thumb Code     8  stm32f7xx_hal_cortex.o(i.HAL_SYSTICK_IRQHandler)
    HAL_UART_Init                            0x08002f8d   Thumb Code   112  stm32f7xx_hal_uart.o(i.HAL_UART_Init)
    HAL_UART_MspInit                         0x08002ffd   Thumb Code    72  usart.o(i.HAL_UART_MspInit)
    HAL_UART_Transmit                        0x0800304d   Thumb Code   218  stm32f7xx_hal_uart.o(i.HAL_UART_Transmit)
    I2C_Ack                                  0x08003129   Thumb Code    74  ts_i2c.o(i.I2C_Ack)
    I2C_Init                                 0x08003179   Thumb Code    98  ts_i2c.o(i.I2C_Init)
    I2C_NAck                                 0x080031e5   Thumb Code    62  ts_i2c.o(i.I2C_NAck)
    I2C_ReadReg                              0x08003229   Thumb Code   104  ts_i2c.o(i.I2C_ReadReg)
    I2C_Read_Byte                            0x08003291   Thumb Code   114  ts_i2c.o(i.I2C_Read_Byte)
    I2C_Send_Byte                            0x08003309   Thumb Code   136  ts_i2c.o(i.I2C_Send_Byte)
    I2C_Start                                0x08003395   Thumb Code    80  ts_i2c.o(i.I2C_Start)
    I2C_Stop                                 0x080033e9   Thumb Code    64  ts_i2c.o(i.I2C_Stop)
    I2C_Wait_Ack                             0x0800342d   Thumb Code    94  ts_i2c.o(i.I2C_Wait_Ack)
    I2C_WriteReg                             0x08003491   Thumb Code    84  ts_i2c.o(i.I2C_WriteReg)
    MX_ADC1_Init                             0x08003749   Thumb Code    74  adc.o(i.MX_ADC1_Init)
    MX_DMA2D_Init                            0x0800379d   Thumb Code    42  dma2d.o(i.MX_DMA2D_Init)
    MX_DMA_Init                              0x080037d1   Thumb Code    74  dma.o(i.MX_DMA_Init)
    MX_FMC_Init                              0x08003829   Thumb Code    84  fmc.o(i.MX_FMC_Init)
    MX_GPIO_Init                             0x08003885   Thumb Code   248  gpio.o(i.MX_GPIO_Init)
    MX_LTDC_Init                             0x08003991   Thumb Code   210  ltdc.o(i.MX_LTDC_Init)
    MX_USART1_UART_Init                      0x08003a71   Thumb Code    36  usart.o(i.MX_USART1_UART_Init)
    SysTick_Handler                          0x08003ae5   Thumb Code    14  stm32f7xx_it.o(i.SysTick_Handler)
    SystemClock_Config                       0x08003af5   Thumb Code   174  main.o(i.SystemClock_Config)
    SystemInit                               0x08003bb1   Thumb Code    64  system_stm32f7xx.o(i.SystemInit)
    UART_AdvFeatureConfig                    0x08003c09   Thumb Code   216  stm32f7xx_hal_uart.o(i.UART_AdvFeatureConfig)
    UART_CheckIdleState                      0x08003ce1   Thumb Code    86  stm32f7xx_hal_uart.o(i.UART_CheckIdleState)
    UART_SetConfig                           0x08003d39   Thumb Code   726  stm32f7xx_hal_uart.o(i.UART_SetConfig)
    UART_WaitOnFlagUntilTimeout              0x08004021   Thumb Code   226  stm32f7xx_hal_uart.o(i.UART_WaitOnFlagUntilTimeout)
    __0printf$5                              0x08004105   Thumb Code    22  printf5.o(i.__0printf$5)
    __1printf$5                              0x08004105   Thumb Code     0  printf5.o(i.__0printf$5)
    __2printf                                0x08004105   Thumb Code     0  printf5.o(i.__0printf$5)
    __scatterload_copy                       0x08004125   Thumb Code    14  handlers.o(i.__scatterload_copy)
    __scatterload_null                       0x08004133   Thumb Code     2  handlers.o(i.__scatterload_null)
    __scatterload_zeroinit                   0x08004135   Thumb Code    14  handlers.o(i.__scatterload_zeroinit)
    fputc                                    0x08004411   Thumb Code    22  usart.o(i.fputc)
    main                                     0x0800442d   Thumb Code   822  main.o(i.main)
    APBAHBPrescTable                         0x080047d0   Data          16  stm32f7xx_hal_rcc.o(.constdata)
    Font24_Table                             0x080047e0   Data        6840  stm32746g_lcd.o(.constdata)
    Region$$Table$$Base                      0x08006304   Number         0  anon$$obj.o(Region$$Table)
    Region$$Table$$Limit                     0x08006324   Number         0  anon$$obj.o(Region$$Table)
    SystemCoreClock                          0x20000000   Data           4  system_stm32f7xx.o(.data)
    TS_flag                                  0x20000010   Data           1  main.o(.data)
    TouchPoit                                0x20000011   Data           1  main.o(.data)
    i                                        0x20000012   Data           2  main.o(.data)
    ad1                                      0x20000014   Data           4  main.o(.data)
    ad2                                      0x20000018   Data           4  main.o(.data)
    PointColor                               0x2000001c   Data          20  main.o(.data)
    Font24                                   0x20000034   Data           8  stm32746g_lcd.o(.data)
    __stdout                                 0x20000040   Data           4  stdout.o(.data)
    hdma_memtomem_dma2_stream0               0x20000044   Data          88  dma.o(.bss)
    hsdram1                                  0x2000009c   Data          52  fmc.o(.bss)
    TS_State                                 0x200000d0   Data          32  main.o(.bss)
    ADC_Value                                0x200000f0   Data         400  main.o(.bss)
    TS_BKState                               0x20000280   Data          32  main.o(.bss)
    hdma2d                                   0x200002a0   Data          64  dma2d.o(.bss)
    hltdc                                    0x200002e0   Data         168  ltdc.o(.bss)
    huart1                                   0x20000388   Data         112  usart.o(.bss)
    hadc1                                    0x200003f8   Data          72  adc.o(.bss)
    hdma_adc1                                0x20000440   Data          88  adc.o(.bss)
    __initial_sp                             0x20001628   Data           0  startup_stm32f746xx.o(STACK)



==============================================================================

Memory Map of the image

  Image Entry point : 0x080001c9

  Load Region LR_IROM1 (Base: 0x08000000, Size: 0x00006368, Max: 0x00100000, ABSOLUTE)

    Execution Region ER_IROM1 (Exec base: 0x08000000, Load base: 0x08000000, Size: 0x00006324, Max: 0x00100000, ABSOLUTE)

    Exec Addr    Load Addr    Size         Type   Attr      Idx    E Section Name        Object

    0x08000000   0x08000000   0x000001c8   Data   RO            3    RESET               startup_stm32f746xx.o
    0x080001c8   0x080001c8   0x00000000   Code   RO         3751  * .ARM.Collect$$$$00000000  mc_w.l(entry.o)
    0x080001c8   0x080001c8   0x00000004   Code   RO         4019    .ARM.Collect$$$$00000001  mc_w.l(entry2.o)
    0x080001cc   0x080001cc   0x00000004   Code   RO         4022    .ARM.Collect$$$$00000004  mc_w.l(entry5.o)
    0x080001d0   0x080001d0   0x00000000   Code   RO         4024    .ARM.Collect$$$$00000008  mc_w.l(entry7b.o)
    0x080001d0   0x080001d0   0x00000000   Code   RO         4026    .ARM.Collect$$$$0000000A  mc_w.l(entry8b.o)
    0x080001d0   0x080001d0   0x00000008   Code   RO         4027    .ARM.Collect$$$$0000000B  mc_w.l(entry9a.o)
    0x080001d8   0x080001d8   0x00000000   Code   RO         4029    .ARM.Collect$$$$0000000D  mc_w.l(entry10a.o)
    0x080001d8   0x080001d8   0x00000000   Code   RO         4031    .ARM.Collect$$$$0000000F  mc_w.l(entry11a.o)
    0x080001d8   0x080001d8   0x00000004   Code   RO         4020    .ARM.Collect$$$$00002712  mc_w.l(entry2.o)
    0x080001dc   0x080001dc   0x00000024   Code   RO            4    .text               startup_stm32f746xx.o
    0x08000200   0x08000200   0x00000024   Code   RO         3754    .text               mc_w.l(memcpya.o)
    0x08000224   0x08000224   0x00000062   Code   RO         4036    .text               mc_w.l(uldiv.o)
    0x08000286   0x08000286   0x00000002   PAD
    0x08000288   0x08000288   0x00000024   Code   RO         4049    .text               mc_w.l(init.o)
    0x080002ac   0x080002ac   0x0000001e   Code   RO         4051    .text               mc_w.l(llshl.o)
    0x080002ca   0x080002ca   0x00000020   Code   RO         4053    .text               mc_w.l(llushr.o)
    0x080002ea   0x080002ea   0x00000066   Code   RO         2512    i.ADC_DMAConvCplt   stm32f7xx_hal_adc.o
    0x08000350   0x08000350   0x00000016   Code   RO         2513    i.ADC_DMAError      stm32f7xx_hal_adc.o
    0x08000366   0x08000366   0x0000000a   Code   RO         2514    i.ADC_DMAHalfConvCplt  stm32f7xx_hal_adc.o
    0x08000370   0x08000370   0x00000138   Code   RO         2515    i.ADC_Init          stm32f7xx_hal_adc.o
    0x080004a8   0x080004a8   0x00000038   Code   RO         3190    i.BSP_LCD_Clear     stm32746g_lcd.o
    0x080004e0   0x080004e0   0x00000084   Code   RO         2882    i.BSP_LCD_DisplayANumber  main.o
    0x08000564   0x08000564   0x00000034   Code   RO         3194    i.BSP_LCD_DisplayChar  stm32746g_lcd.o
    0x08000598   0x08000598   0x000000c8   Code   RO         3197    i.BSP_LCD_DisplayStringAt  stm32746g_lcd.o
    0x08000660   0x08000660   0x00000118   Code   RO         3200    i.BSP_LCD_DrawCircle  stm32746g_lcd.o
    0x08000778   0x08000778   0x00000080   Code   RO         3202    i.BSP_LCD_DrawHLine  stm32746g_lcd.o
    0x080007f8   0x080007f8   0x00000064   Code   RO         3204    i.BSP_LCD_DrawPixel  stm32746g_lcd.o
    0x0800085c   0x0800085c   0x0000008c   Code   RO         3207    i.BSP_LCD_DrawVLine  stm32746g_lcd.o
    0x080008e8   0x080008e8   0x000000c4   Code   RO         3208    i.BSP_LCD_FillCircle  stm32746g_lcd.o
    0x080009ac   0x080009ac   0x0000001c   Code   RO         3212    i.BSP_LCD_GetBackColor  stm32746g_lcd.o
    0x080009c8   0x080009c8   0x00000020   Code   RO         3215    i.BSP_LCD_GetXSize  stm32746g_lcd.o
    0x080009e8   0x080009e8   0x00000020   Code   RO         3216    i.BSP_LCD_GetYSize  stm32746g_lcd.o
    0x08000a08   0x08000a08   0x00000014   Code   RO         3217    i.BSP_LCD_Init      stm32746g_lcd.o
    0x08000a1c   0x08000a1c   0x0000000c   Code   RO         3224    i.BSP_LCD_SelectLayer  stm32746g_lcd.o
    0x08000a28   0x08000a28   0x0000001c   Code   RO         3225    i.BSP_LCD_SetBackColor  stm32746g_lcd.o
    0x08000a44   0x08000a44   0x0000001c   Code   RO         3227    i.BSP_LCD_SetFont   stm32746g_lcd.o
    0x08000a60   0x08000a60   0x0000002c   Code   RO         3229    i.BSP_LCD_SetLayerVisible  stm32746g_lcd.o
    0x08000a8c   0x08000a8c   0x00000018   Code   RO         3231    i.BSP_LCD_SetTextColor  stm32746g_lcd.o
    0x08000aa4   0x08000aa4   0x00000024   Code   RO         3530    i.BSP_SDRAM_Init    stm32746g_sdram.o
    0x08000ac8   0x08000ac8   0x00000088   Code   RO         3531    i.BSP_SDRAM_Initialization_sequence  stm32746g_sdram.o
    0x08000b50   0x08000b50   0x000000ac   Code   RO         1797    i.DMA2D_SetConfig   stm32f7xx_hal_dma2d.o
    0x08000bfc   0x08000bfc   0x00000034   Code   RO         1406    i.DMA_CalcBaseAndBitshift  stm32f7xx_hal_dma.o
    0x08000c30   0x08000c30   0x0000003e   Code   RO         1407    i.DMA_SetConfig     stm32f7xx_hal_dma.o
    0x08000c6e   0x08000c6e   0x00000002   PAD
    0x08000c70   0x08000c70   0x000000b0   Code   RO         3235    i.DrawChar          stm32746g_lcd.o
    0x08000d20   0x08000d20   0x00000006   Code   RO         2736    i.EXTI9_5_IRQHandler  stm32f7xx_it.o
    0x08000d26   0x08000d26   0x00000062   Code   RO         1955    i.FMC_SDRAM_Init    stm32f7xx_ll_fmc.o
    0x08000d88   0x08000d88   0x0000000c   Code   RO         1956    i.FMC_SDRAM_ProgramRefreshRate  stm32f7xx_ll_fmc.o
    0x08000d94   0x08000d94   0x00000050   Code   RO         1957    i.FMC_SDRAM_SendCommand  stm32f7xx_ll_fmc.o
    0x08000de4   0x08000de4   0x0000007c   Code   RO         1959    i.FMC_SDRAM_Timing_Init  stm32f7xx_ll_fmc.o
    0x08000e60   0x08000e60   0x000000ea   Code   RO         3717    i.GT811_GetState    gt811.o
    0x08000f4a   0x08000f4a   0x00000002   PAD
    0x08000f4c   0x08000f4c   0x00000078   Code   RO         3718    i.GT811_Init        gt811.o
    0x08000fc4   0x08000fc4   0x00000040   Code   RO         3719    i.GT811_ReadID      gt811.o
    0x08001004   0x08001004   0x00000190   Code   RO         2517    i.HAL_ADC_ConfigChannel  stm32f7xx_hal_adc.o
    0x08001194   0x08001194   0x00000002   Code   RO         2518    i.HAL_ADC_ConvCpltCallback  stm32f7xx_hal_adc.o
    0x08001196   0x08001196   0x00000002   Code   RO         2519    i.HAL_ADC_ConvHalfCpltCallback  stm32f7xx_hal_adc.o
    0x08001198   0x08001198   0x00000002   Code   RO         2521    i.HAL_ADC_ErrorCallback  stm32f7xx_hal_adc.o
    0x0800119a   0x0800119a   0x00000056   Code   RO         2526    i.HAL_ADC_Init      stm32f7xx_hal_adc.o
    0x080011f0   0x080011f0   0x00000078   Code   RO         3149    i.HAL_ADC_MspInit   adc.o
    0x08001268   0x08001268   0x00000138   Code   RO         2533    i.HAL_ADC_Start_DMA  stm32f7xx_hal_adc.o
    0x080013a0   0x080013a0   0x00000100   Code   RO         1802    i.HAL_DMA2D_ConfigLayer  stm32f7xx_hal_dma2d.o
    0x080014a0   0x080014a0   0x0000005c   Code   RO         1809    i.HAL_DMA2D_Init    stm32f7xx_hal_dma2d.o
    0x080014fc   0x080014fc   0x00000028   Code   RO         2975    i.HAL_DMA2D_MspInit  dma2d.o
    0x08001524   0x08001524   0x0000010c   Code   RO         1812    i.HAL_DMA2D_PollForTransfer  stm32f7xx_hal_dma2d.o
    0x08001630   0x08001630   0x00000042   Code   RO         1815    i.HAL_DMA2D_Start   stm32f7xx_hal_dma2d.o
    0x08001672   0x08001672   0x00000002   PAD
    0x08001674   0x08001674   0x00000094   Code   RO         1413    i.HAL_DMA_Init      stm32f7xx_hal_dma.o
    0x08001708   0x08001708   0x00000052   Code   RO         1416    i.HAL_DMA_Start_IT  stm32f7xx_hal_dma.o
    0x0800175a   0x0800175a   0x00000016   Code   RO          162    i.HAL_Delay         stm32f7xx_hal.o
    0x08001770   0x08001770   0x000000b8   Code   RO         2800    i.HAL_FMC_MspInit   fmc.o
    0x08001828   0x08001828   0x00000020   Code   RO         2883    i.HAL_GPIO_EXTI_Callback  main.o
    0x08001848   0x08001848   0x00000018   Code   RO          549    i.HAL_GPIO_EXTI_IRQHandler  stm32f7xx_hal_gpio.o
    0x08001860   0x08001860   0x00000240   Code   RO          550    i.HAL_GPIO_Init     stm32f7xx_hal_gpio.o
    0x08001aa0   0x08001aa0   0x0000000e   Code   RO          552    i.HAL_GPIO_ReadPin  stm32f7xx_hal_gpio.o
    0x08001aae   0x08001aae   0x00000008   Code   RO          553    i.HAL_GPIO_TogglePin  stm32f7xx_hal_gpio.o
    0x08001ab6   0x08001ab6   0x0000000e   Code   RO          554    i.HAL_GPIO_WritePin  stm32f7xx_hal_gpio.o
    0x08001ac4   0x08001ac4   0x0000000c   Code   RO          170    i.HAL_GetTick       stm32f7xx_hal.o
    0x08001ad0   0x08001ad0   0x00000010   Code   RO          171    i.HAL_IncTick       stm32f7xx_hal.o
    0x08001ae0   0x08001ae0   0x00000016   Code   RO          172    i.HAL_Init          stm32f7xx_hal.o
    0x08001af6   0x08001af6   0x00000022   Code   RO          173    i.HAL_InitTick      stm32f7xx_hal.o
    0x08001b18   0x08001b18   0x0000007c   Code   RO         1632    i.HAL_LTDC_ConfigLayer  stm32f7xx_hal_ltdc.o
    0x08001b94   0x08001b94   0x0000010c   Code   RO         1644    i.HAL_LTDC_Init     stm32f7xx_hal_ltdc.o
    0x08001ca0   0x08001ca0   0x0000011c   Code   RO         3017    i.HAL_LTDC_MspInit  ltdc.o
    0x08001dbc   0x08001dbc   0x00000016   Code   RO         2712    i.HAL_MspInit       stm32f7xx_hal_msp.o
    0x08001dd2   0x08001dd2   0x00000018   Code   RO          323    i.HAL_NVIC_EnableIRQ  stm32f7xx_hal_cortex.o
    0x08001dea   0x08001dea   0x00000002   PAD
    0x08001dec   0x08001dec   0x0000006c   Code   RO          329    i.HAL_NVIC_SetPriority  stm32f7xx_hal_cortex.o
    0x08001e58   0x08001e58   0x00000024   Code   RO          330    i.HAL_NVIC_SetPriorityGrouping  stm32f7xx_hal_cortex.o
    0x08001e7c   0x08001e7c   0x00000080   Code   RO         1123    i.HAL_PWREx_EnableOverDrive  stm32f7xx_hal_pwr_ex.o
    0x08001efc   0x08001efc   0x00000724   Code   RO         1596    i.HAL_RCCEx_PeriphCLKConfig  stm32f7xx_hal_rcc_ex.o
    0x08002620   0x08002620   0x00000258   Code   RO         1490    i.HAL_RCC_ClockConfig  stm32f7xx_hal_rcc.o
    0x08002878   0x08002878   0x00000038   Code   RO         1495    i.HAL_RCC_GetHCLKFreq  stm32f7xx_hal_rcc.o
    0x080028b0   0x080028b0   0x00000030   Code   RO         1497    i.HAL_RCC_GetPCLK1Freq  stm32f7xx_hal_rcc.o
    0x080028e0   0x080028e0   0x00000030   Code   RO         1498    i.HAL_RCC_GetPCLK2Freq  stm32f7xx_hal_rcc.o
    0x08002910   0x08002910   0x00000094   Code   RO         1499    i.HAL_RCC_GetSysClockFreq  stm32f7xx_hal_rcc.o
    0x080029a4   0x080029a4   0x000004ea   Code   RO         1502    i.HAL_RCC_OscConfig  stm32f7xx_hal_rcc.o
    0x08002e8e   0x08002e8e   0x00000044   Code   RO         1256    i.HAL_SDRAM_Init    stm32f7xx_hal_sdram.o
    0x08002ed2   0x08002ed2   0x00000004   Code   RO         2802    i.HAL_SDRAM_MspInit  fmc.o
    0x08002ed6   0x08002ed6   0x00000026   Code   RO         1259    i.HAL_SDRAM_ProgramRefreshRate  stm32f7xx_hal_sdram.o
    0x08002efc   0x08002efc   0x00000038   Code   RO         1265    i.HAL_SDRAM_SendCommand  stm32f7xx_hal_sdram.o
    0x08002f34   0x08002f34   0x0000001c   Code   RO          332    i.HAL_SYSTICK_CLKSourceConfig  stm32f7xx_hal_cortex.o
    0x08002f50   0x08002f50   0x0000000a   Code   RO          333    i.HAL_SYSTICK_Callback  stm32f7xx_hal_cortex.o
    0x08002f5a   0x08002f5a   0x00000002   PAD
    0x08002f5c   0x08002f5c   0x00000028   Code   RO          334    i.HAL_SYSTICK_Config  stm32f7xx_hal_cortex.o
    0x08002f84   0x08002f84   0x00000008   Code   RO          335    i.HAL_SYSTICK_IRQHandler  stm32f7xx_hal_cortex.o
    0x08002f8c   0x08002f8c   0x00000070   Code   RO          630    i.HAL_UART_Init     stm32f7xx_hal_uart.o
    0x08002ffc   0x08002ffc   0x00000050   Code   RO         3059    i.HAL_UART_MspInit  usart.o
    0x0800304c   0x0800304c   0x000000da   Code   RO          638    i.HAL_UART_Transmit  stm32f7xx_hal_uart.o
    0x08003126   0x08003126   0x00000002   PAD
    0x08003128   0x08003128   0x00000050   Code   RO         3615    i.I2C_Ack           ts_i2c.o
    0x08003178   0x08003178   0x0000006c   Code   RO         3616    i.I2C_Init          ts_i2c.o
    0x080031e4   0x080031e4   0x00000044   Code   RO         3617    i.I2C_NAck          ts_i2c.o
    0x08003228   0x08003228   0x00000068   Code   RO         3618    i.I2C_ReadReg       ts_i2c.o
    0x08003290   0x08003290   0x00000078   Code   RO         3619    i.I2C_Read_Byte     ts_i2c.o
    0x08003308   0x08003308   0x0000008c   Code   RO         3621    i.I2C_Send_Byte     ts_i2c.o
    0x08003394   0x08003394   0x00000054   Code   RO         3622    i.I2C_Start         ts_i2c.o
    0x080033e8   0x080033e8   0x00000044   Code   RO         3623    i.I2C_Stop          ts_i2c.o
    0x0800342c   0x0800342c   0x00000064   Code   RO         3624    i.I2C_Wait_Ack      ts_i2c.o
    0x08003490   0x08003490   0x00000054   Code   RO         3625    i.I2C_WriteReg      ts_i2c.o
    0x080034e4   0x080034e4   0x000000a0   Code   RO         3238    i.LL_FillBuffer     stm32746g_lcd.o
    0x08003584   0x08003584   0x000001c4   Code   RO         1654    i.LTDC_SetConfig    stm32f7xx_hal_ltdc.o
    0x08003748   0x08003748   0x00000054   Code   RO         3150    i.MX_ADC1_Init      adc.o
    0x0800379c   0x0800379c   0x00000034   Code   RO         2976    i.MX_DMA2D_Init     dma2d.o
    0x080037d0   0x080037d0   0x00000058   Code   RO         2769    i.MX_DMA_Init       dma.o
    0x08003828   0x08003828   0x0000005c   Code   RO         2803    i.MX_FMC_Init       fmc.o
    0x08003884   0x08003884   0x0000010c   Code   RO         2855    i.MX_GPIO_Init      gpio.o
    0x08003990   0x08003990   0x000000e0   Code   RO         3018    i.MX_LTDC_Init      ltdc.o
    0x08003a70   0x08003a70   0x0000002c   Code   RO         3060    i.MX_USART1_UART_Init  usart.o
    0x08003a9c   0x08003a9c   0x00000024   Code   RO         3626    i.SDA_IN            ts_i2c.o
    0x08003ac0   0x08003ac0   0x00000024   Code   RO         3627    i.SDA_OUT           ts_i2c.o
    0x08003ae4   0x08003ae4   0x0000000e   Code   RO         2737    i.SysTick_Handler   stm32f7xx_it.o
    0x08003af2   0x08003af2   0x00000002   PAD
    0x08003af4   0x08003af4   0x000000bc   Code   RO         2884    i.SystemClock_Config  main.o
    0x08003bb0   0x08003bb0   0x00000058   Code   RO           14    i.SystemInit        system_stm32f7xx.o
    0x08003c08   0x08003c08   0x000000d8   Code   RO          643    i.UART_AdvFeatureConfig  stm32f7xx_hal_uart.o
    0x08003ce0   0x08003ce0   0x00000056   Code   RO          644    i.UART_CheckIdleState  stm32f7xx_hal_uart.o
    0x08003d36   0x08003d36   0x00000002   PAD
    0x08003d38   0x08003d38   0x000002e8   Code   RO          652    i.UART_SetConfig    stm32f7xx_hal_uart.o
    0x08004020   0x08004020   0x000000e2   Code   RO          654    i.UART_WaitOnFlagUntilTimeout  stm32f7xx_hal_uart.o
    0x08004102   0x08004102   0x00000002   PAD
    0x08004104   0x08004104   0x00000020   Code   RO         3891    i.__0printf$5       mc_w.l(printf5.o)
    0x08004124   0x08004124   0x0000000e   Code   RO         4061    i.__scatterload_copy  mc_w.l(handlers.o)
    0x08004132   0x08004132   0x00000002   Code   RO         4062    i.__scatterload_null  mc_w.l(handlers.o)
    0x08004134   0x08004134   0x0000000e   Code   RO         4063    i.__scatterload_zeroinit  mc_w.l(handlers.o)
    0x08004142   0x08004142   0x00000002   PAD
    0x08004144   0x08004144   0x000002c0   Code   RO         3898    i._printf_core      mc_w.l(printf5.o)
    0x08004404   0x08004404   0x0000000a   Code   RO         3628    i.delay_us          ts_i2c.o
    0x0800440e   0x0800440e   0x00000002   PAD
    0x08004410   0x08004410   0x0000001c   Code   RO         3061    i.fputc             usart.o
    0x0800442c   0x0800442c   0x0000039c   Code   RO         2885    i.main              main.o
    0x080047c8   0x080047c8   0x00000008   Data   RO         1417    .constdata          stm32f7xx_hal_dma.o
    0x080047d0   0x080047d0   0x00000010   Data   RO         1503    .constdata          stm32f7xx_hal_rcc.o
    0x080047e0   0x080047e0   0x00001ab8   Data   RO         3240    .constdata          stm32746g_lcd.o
    0x08006298   0x08006298   0x0000006a   Data   RO         3720    .constdata          gt811.o
    0x08006302   0x08006302   0x00000002   PAD
    0x08006304   0x08006304   0x00000020   Data   RO         4059    Region$$Table       anon$$obj.o


    Execution Region RW_IRAM1 (Exec base: 0x20000000, Load base: 0x08006324, Size: 0x00001628, Max: 0x00050000, ABSOLUTE)

    Exec Addr    Load Addr    Size         Type   Attr      Idx    E Section Name        Object

    0x20000000   0x08006324   0x00000004   Data   RW           16    .data               system_stm32f7xx.o
    0x20000004   0x08006328   0x00000004   Data   RW          178    .data               stm32f7xx_hal.o
    0x20000008   0x0800632c   0x00000008   Data   RW         2805    .data               fmc.o
    0x20000010   0x08006334   0x00000020   Data   RW         2888    .data               main.o
    0x20000030   0x08006354   0x0000000c   Data   RW         3245    .data               stm32746g_lcd.o
    0x2000003c   0x08006360   0x00000002   Data   RW         3540    .data               stm32746g_sdram.o
    0x2000003e   0x08006362   0x00000002   PAD
    0x20000040   0x08006364   0x00000004   Data   RW         4033    .data               mc_w.l(stdout.o)
    0x20000044        -       0x00000058   Zero   RW         2770    .bss                dma.o
    0x2000009c        -       0x00000034   Zero   RW         2804    .bss                fmc.o
    0x200000d0        -       0x000001d0   Zero   RW         2886    .bss                main.o
    0x200002a0        -       0x00000040   Zero   RW         2977    .bss                dma2d.o
    0x200002e0        -       0x000000a8   Zero   RW         3019    .bss                ltdc.o
    0x20000388        -       0x00000070   Zero   RW         3062    .bss                usart.o
    0x200003f8        -       0x000000a0   Zero   RW         3151    .bss                adc.o
    0x20000498        -       0x0000009c   Zero   RW         3239    .bss                stm32746g_lcd.o
    0x20000534        -       0x000000f4   Zero   RW         3539    .bss                stm32746g_sdram.o
    0x20000628        -       0x00001000   Zero   RW            1    STACK               startup_stm32f746xx.o


==============================================================================

Image component sizes


      Code (inc. data)   RO Data    RW Data    ZI Data      Debug   Object Name

       204         28          0          0        160       1719   adc.o
        88         14          0          0         88       1011   dma.o
        92         14          0          0         64       1509   dma2d.o
       280         38          0          8         52       2164   fmc.o
       268         20          0          0          0       1159   gpio.o
       418         22        106          0          0       2169   gt811.o
       508         50          0          0        168       1886   ltdc.o
      1276        136          0         32        464      36898   main.o
        36          8        456          0       4096        952   startup_stm32f746xx.o
      1736        178       6840         12        156      18026   stm32746g_lcd.o
       172         20          0          2        244       3562   stm32746g_sdram.o
       106         12          0          4          0       3714   stm32f7xx_hal.o
      1250         48          0          0          0       7301   stm32f7xx_hal_adc.o
       254         14          0          0          0      37305   stm32f7xx_hal_cortex.o
       344         12          8          0          0       3558   stm32f7xx_hal_dma.o
       854          6          0          0          0       5683   stm32f7xx_hal_dma2d.o
       636         26          0          0          0       4587   stm32f7xx_hal_gpio.o
       844          4          0          0          0       3119   stm32f7xx_hal_ltdc.o
        22          0          0          0          0        498   stm32f7xx_hal_msp.o
       128         10          0          0          0       1296   stm32f7xx_hal_pwr_ex.o
      2158         74         16          0          0       7267   stm32f7xx_hal_rcc.o
      1828         40          0          0          0       2576   stm32f7xx_hal_rcc_ex.o
       162          0          0          0          0       2784   stm32f7xx_hal_sdram.o
      1602         38          0          0          0       6001   stm32f7xx_hal_uart.o
        20          0          0          0          0        951   stm32f7xx_it.o
       314          0          0          0          0       3636   stm32f7xx_ll_fmc.o
        88         24          0          4          0     480149   system_stm32f7xx.o
      1038         58          0          0          0       7999   ts_i2c.o
       152         22          0          0        112       2106   usart.o

    ----------------------------------------------------------------------
     16898        916       7460         64       5604     651585   Object Totals
         0          0         32          0          0          0   (incl. Generated)
        20          0          2          2          0          0   (incl. Padding)

    ----------------------------------------------------------------------

      Code (inc. data)   RO Data    RW Data    ZI Data      Debug   Library Member Name

         0          0          0          0          0          0   entry.o
         0          0          0          0          0          0   entry10a.o
         0          0          0          0          0          0   entry11a.o
         8          4          0          0          0          0   entry2.o
         4          0          0          0          0          0   entry5.o
         0          0          0          0          0          0   entry7b.o
         0          0          0          0          0          0   entry8b.o
         8          4          0          0          0          0   entry9a.o
        30          0          0          0          0          0   handlers.o
        36          8          0          0          0         68   init.o
        30          0          0          0          0         68   llshl.o
        32          0          0          0          0         68   llushr.o
        36          0          0          0          0         68   memcpya.o
       736         56          0          0          0        184   printf5.o
         0          0          0          4          0          0   stdout.o
        98          0          0          0          0         92   uldiv.o

    ----------------------------------------------------------------------
      1022         72          0          4          0        548   Library Totals
         4          0          0          0          0          0   (incl. Padding)

    ----------------------------------------------------------------------

      Code (inc. data)   RO Data    RW Data    ZI Data      Debug   Library Name

      1018         72          0          4          0        548   mc_w.l

    ----------------------------------------------------------------------
      1022         72          0          4          0        548   Library Totals

    ----------------------------------------------------------------------

==============================================================================


      Code (inc. data)   RO Data    RW Data    ZI Data      Debug   

     17920        988       7460         68       5604     640929   Grand Totals
     17920        988       7460         68       5604     640929   ELF Image Totals
     17920        988       7460         68          0          0   ROM Totals

==============================================================================

    Total RO  Size (Code + RO Data)                25380 (  24.79kB)
    Total RW  Size (RW Data + ZI Data)              5672 (   5.54kB)
    Total ROM Size (Code + RO Data + RW Data)      25448 (  24.85kB)

==============================================================================

